 Audapter

 Timestamp is 55246d48 (Tue Apr 07 18:50:32 2015)

 Preferred load address is 10000000

 Start         Length     Name                   Class
 0001:00000000 00000d4dH .text$di                CODE
 0001:00000d50 00048632H .text$mn                CODE
 0001:00049390 000034d4H .text$x                 CODE
 0001:0004c870 000004bfH .text$yd                CODE
 0002:00000000 000003b0H .idata$5                DATA
 0002:000003b0 00000004H .CRT$XCA                DATA
 0002:000003b4 00000004H .CRT$XCL                DATA
 0002:000003b8 00000078H .CRT$XCU                DATA
 0002:00000430 00000004H .CRT$XCZ                DATA
 0002:00000434 00000004H .CRT$XIA                DATA
 0002:00000438 00000004H .CRT$XIAA               DATA
 0002:0000043c 00000008H .CRT$XIC                DATA
 0002:00000444 00000004H .CRT$XIZ                DATA
 0002:00000450 00006680H .rdata                  DATA
 0002:00006ad0 0000005cH .rdata$debug            DATA
 0002:00006b2c 000006f8H .rdata$r                DATA
 0002:00007230 0000032cH .rdata$sxdata           DATA
 0002:0000755c 00000004H .rtc$IAA                DATA
 0002:00007560 00000020H .rtc$IMZ                DATA
 0002:00007580 00000004H .rtc$IZZ                DATA
 0002:00007584 00000004H .rtc$TAA                DATA
 0002:00007588 00000020H .rtc$TMZ                DATA
 0002:000075a8 00000004H .rtc$TZZ                DATA
 0002:000075b0 00003c5cH .xdata$x                DATA
 0002:0000b210 0000004eH .edata                  DATA
 0002:0000b260 000000a0H .idata$2                DATA
 0002:0000b300 00000014H .idata$3                DATA
 0002:0000b314 000003b0H .idata$4                DATA
 0002:0000b6c4 00001d44H .idata$6                DATA
 0003:00000000 00000128H .data                   DATA
 0003:00000128 0000074cH .data$r                 DATA
 0003:00000878 0742f2c0H .bss                    DATA
 0004:00000000 00000058H .rsrc$01                DATA
 0004:00000060 00000180H .rsrc$02                DATA

  Address         Publics by Value              Rva+Base       Lib:Object

 0000:00000000       ___guard_fids_count        00000000     <absolute>
 0000:00000000       __except_list              00000000     <absolute>
 0000:00000000       ___guard_fids_table        00000000     <absolute>
 0000:00000000       ___guard_flags             00000000     <absolute>
 0000:000000cb       ___safe_se_handler_count   000000cb     <absolute>
 0000:00009876       __fltused                  00009876     <absolute>
 0000:00009876       __ldused                   00009876     <absolute>
 0000:00000000       ___ImageBase               10000000     <linker-defined>
 0001:00000d50       ??$?6DU?$char_traits@D@std@@V?$allocator@D@1@@std@@YAAAV?$basic_ostream@DU?$char_traits@D@std@@@0@AAV10@ABV?$basic_string@DU?$char_traits@D@std@@V?$allocator@D@2@@0@@Z 10001d50 f i Audapter.obj
 0001:000011a0       ??$?6U?$char_traits@D@std@@@std@@YAAAV?$basic_ostream@DU?$char_traits@D@std@@@0@AAV10@PBD@Z 100021a0 f i Audapter.obj
 0001:00001640       ??$?8DU?$char_traits@D@std@@V?$allocator@D@1@@std@@YA_NABV?$basic_string@DU?$char_traits@D@std@@V?$allocator@D@2@@0@0@Z 10002640 f i Audapter.obj
 0001:000016a0       ??$_Allocate@D@std@@YAPADIPAD@Z 100026a0 f i Audapter.obj
 0001:00001710       ??$_Allocate@PBD@std@@YAPAPBDIPAPBD@Z 10002710 f i Audapter.obj
 0001:00001790       ??$_Allocate@U_Container_proxy@std@@@std@@YAPAU_Container_proxy@0@IPAU10@@Z 10002790 f i Audapter.obj
 0001:00001810       ??$_Allocate@W4paramType@Parameter@@@std@@YAPAW4paramType@Parameter@@IPAW412@@Z 10002810 f i Audapter.obj
 0001:00001890       ??$_DebugHeapDelete@V_Facet_base@std@@@std@@YAXPAV_Facet_base@0@@Z 10002890 f i Audapter.obj
 0001:00001900       ??$_Debug_pointer@$$A6AHH@Z@std@@YAXP6AHH@ZPB_WI@Z 10002900 f i Audapter.obj
 0001:00001960       ??$_Debug_pointer@D@std@@YAXPBDPB_WI@Z 10002960 f i Audapter.obj
 0001:000019c0       ??$_Debug_pointer@PBD@std@@YAXPAPBDPB_WI@Z 100029c0 f i Audapter.obj
 0001:00001a20       ??$_Debug_pointer@V?$_String_iterator@V?$_String_val@U?$_Simple_types@D@std@@@std@@@std@@@std@@YAXAAV?$_String_iterator@V?$_String_val@U?$_Simple_types@D@std@@@std@@@0@PB_WI@Z 10002a20 f i Audapter.obj
 0001:00001a50       ??$_Debug_pointer@W4paramType@Parameter@@@std@@YAXPAW4paramType@Parameter@@PB_WI@Z 10002a50 f i Audapter.obj
 0001:00001ab0       ??$_Debug_range2@PAPBD@std@@YAXPAPBD0PB_WIUrandom_access_iterator_tag@0@@Z 10002ab0 f i Audapter.obj
 0001:00001b40       ??$_Debug_range2@PAW4paramType@Parameter@@@std@@YAXPAW4paramType@Parameter@@0PB_WIUrandom_access_iterator_tag@0@@Z 10002b40 f i Audapter.obj
 0001:00001bd0       ??$_Debug_range2@V?$_String_iterator@V?$_String_val@U?$_Simple_types@D@std@@@std@@@std@@@std@@YAXV?$_String_iterator@V?$_String_val@U?$_Simple_types@D@std@@@std@@@0@0PB_WIUrandom_access_iterator_tag@0@@Z 10002bd0 f i Audapter.obj
 0001:00001cc0       ??$_Debug_range@PAPBD@std@@YAXPAPBD0PB_WI@Z 10002cc0 f i Audapter.obj
 0001:00001d30       ??$_Debug_range@PAW4paramType@Parameter@@@std@@YAXPAW4paramType@Parameter@@0PB_WI@Z 10002d30 f i Audapter.obj
 0001:00001da0       ??$_Debug_range@V?$_String_iterator@V?$_String_val@U?$_Simple_types@D@std@@@std@@@std@@@std@@YAXV?$_String_iterator@V?$_String_val@U?$_Simple_types@D@std@@@std@@@0@0PB_WI@Z 10002da0 f i Audapter.obj
 0001:00001e90       ??$_Destroy_range@U?$_Wrap_alloc@V?$allocator@PBD@std@@@std@@@std@@YAXPAPBD0AAU?$_Wrap_alloc@V?$allocator@PBD@std@@@0@@Z 10002e90 f i Audapter.obj
 0001:00001f00       ??$_Destroy_range@U?$_Wrap_alloc@V?$allocator@PBD@std@@@std@@@std@@YAXPAPBD0AAU?$_Wrap_alloc@V?$allocator@PBD@std@@@0@U_Scalar_ptr_iterator_tag@0@@Z 10002f00 f i Audapter.obj
 0001:00001f30       ??$_Destroy_range@U?$_Wrap_alloc@V?$allocator@W4paramType@Parameter@@@std@@@std@@@std@@YAXPAW4paramType@Parameter@@0AAU?$_Wrap_alloc@V?$allocator@W4paramType@Parameter@@@std@@@0@@Z 10002f30 f i Audapter.obj
 0001:00001fa0       ??$_Destroy_range@U?$_Wrap_alloc@V?$allocator@W4paramType@Parameter@@@std@@@std@@@std@@YAXPAW4paramType@Parameter@@0AAU?$_Wrap_alloc@V?$allocator@W4paramType@Parameter@@@std@@@0@U_Scalar_ptr_iterator_tag@0@@Z 10002fa0 f i Audapter.obj
 0001:00001fd0       ??$_Fgetc@D@std@@YA_NAADPAU_iobuf@@@Z 10002fd0 f i Audapter.obj
 0001:00002040       ??$_Fputc@D@std@@YA_NDPAU_iobuf@@@Z 10003040 f i Audapter.obj
 0001:000020b0       ??$_Is_checked@V?$_String_iterator@V?$_String_val@U?$_Simple_types@D@std@@@std@@@std@@@std@@YA?AU?$integral_constant@_N$00@0@V?$_String_iterator@V?$_String_val@U?$_Simple_types@D@std@@@std@@@0@@Z 100030b0 f i Audapter.obj
 0001:00002110       ??$_Iter_cat@PAD@std@@YA?AUrandom_access_iterator_tag@0@ABQAD@Z 10003110 f i Audapter.obj
 0001:00002170       ??$_Iter_cat@PAPBD@std@@YA?AUrandom_access_iterator_tag@0@ABQAPBD@Z 10003170 f i Audapter.obj
 0001:000021d0       ??$_Iter_cat@PAW4paramType@Parameter@@@std@@YA?AUrandom_access_iterator_tag@0@ABQAW4paramType@Parameter@@@Z 100031d0 f i Audapter.obj
 0001:00002230       ??$_Iter_cat@V?$_String_iterator@V?$_String_val@U?$_Simple_types@D@std@@@std@@@std@@@std@@YA?AUrandom_access_iterator_tag@0@ABV?$_String_iterator@V?$_String_val@U?$_Simple_types@D@std@@@std@@@0@@Z 10003230 f i Audapter.obj
 0001:00002290       ??$_Ptr_cat@PBDPBD@std@@YA?AU_Scalar_ptr_iterator_tag@0@PAPBD0@Z 10003290 f i Audapter.obj
 0001:000022f0       ??$_Ptr_cat@W4paramType@Parameter@@W412@@std@@YA?AU_Scalar_ptr_iterator_tag@0@PAW4paramType@Parameter@@0@Z 100032f0 f i Audapter.obj
 0001:00002350       ??$_Rechecked@PAPBDPAPBD@std@@YAAAPAPBDAAPAPBDPAPBD@Z 10003350 f i Audapter.obj
 0001:00002380       ??$_Rechecked@PAW4paramType@Parameter@@PAW412@@std@@YAAAPAW4paramType@Parameter@@AAPAW412@PAW412@@Z 10003380 f i Audapter.obj
 0001:000023b0       ??$_Transform1@PADV?$_String_iterator@V?$_String_val@U?$_Simple_types@D@std@@@std@@@std@@P6AHH@Z@std@@YA?AV?$_String_iterator@V?$_String_val@U?$_Simple_types@D@std@@@std@@@0@PAD0V10@P6AHH@ZU?$integral_constant@_N$00@0@@Z 100033b0 f i Audapter.obj
 0001:000024b0       ??$_Transform1@PADV?$_String_iterator@V?$_String_val@U?$_Simple_types@D@std@@@std@@@std@@P6AHH@Z@std@@YA?AV?$_String_iterator@V?$_String_val@U?$_Simple_types@D@std@@@std@@@0@PAD0V10@P6AHH@ZUrandom_access_iterator_tag@0@3@Z 100034b0 f i Audapter.obj
 0001:000025e0       ??$_Transform@PADPADP6AHH@Z@std@@YAPADPAD00P6AHH@Z@Z 100035e0 f i Audapter.obj
 0001:00002650       ??$_Umove@PAPBD@?$vector@PBDV?$allocator@PBD@std@@@std@@IAEPAPBDPAPBD00@Z 10003650 f i Audapter.obj
 0001:000026e0       ??$_Umove@PAW4paramType@Parameter@@@?$vector@W4paramType@Parameter@@V?$allocator@W4paramType@Parameter@@@std@@@std@@IAEPAW4paramType@Parameter@@PAW423@00@Z 100036e0 f i Audapter.obj
 0001:00002770       ??$_Unchecked@PAPBD@std@@YAPAPBDPAPBD@Z 10003770 f i Audapter.obj
 0001:000027a0       ??$_Unchecked@PAW4paramType@Parameter@@@std@@YAPAW4paramType@Parameter@@PAW412@@Z 100037a0 f i Audapter.obj
 0001:000027d0       ??$_Unchecked@V?$_String_val@U?$_Simple_types@D@std@@@std@@@std@@YAPADV?$_String_iterator@V?$_String_val@U?$_Simple_types@D@std@@@std@@@0@@Z 100037d0 f i Audapter.obj
 0001:00002860       ??$_Ungetc@D@std@@YA_NABDPAU_iobuf@@@Z 10003860 f i Audapter.obj
 0001:000028d0       ??$_Uninit_move@PAPBDPAPBDU?$_Wrap_alloc@V?$allocator@PBD@std@@@std@@@std@@YAPAPBDPAPBD00AAU?$_Wrap_alloc@V?$allocator@PBD@std@@@0@@Z 100038d0 f i Audapter.obj
 0001:00002950       ??$_Uninit_move@PAW4paramType@Parameter@@PAW412@U?$_Wrap_alloc@V?$allocator@W4paramType@Parameter@@@std@@@std@@@std@@YAPAW4paramType@Parameter@@PAW412@00AAU?$_Wrap_alloc@V?$allocator@W4paramType@Parameter@@@std@@@0@@Z 10003950 f i Audapter.obj
 0001:000029d0       ??$_Uninit_move@PBDPBDPBD@std@@YAPAPBDPAPBD00AAU?$_Wrap_alloc@V?$allocator@PBD@std@@@0@0U_Scalar_ptr_iterator_tag@0@@Z 100039d0 f i Audapter.obj
 0001:00002a70       ??$_Uninit_move@W4paramType@Parameter@@W412@W412@@std@@YAPAW4paramType@Parameter@@PAW412@00AAU?$_Wrap_alloc@V?$allocator@W4paramType@Parameter@@@std@@@0@0U_Scalar_ptr_iterator_tag@0@@Z 10003a70 f i Audapter.obj
 0001:00002b10       ??$_Uninitialized_move@PAPBDPAPBDU?$_Wrap_alloc@V?$allocator@PBD@std@@@std@@@std@@YAPAPBDPAPBD00AAU?$_Wrap_alloc@V?$allocator@PBD@std@@@0@@Z 10003b10 f i Audapter.obj
 0001:00002b90       ??$_Uninitialized_move@PAW4paramType@Parameter@@PAW412@U?$_Wrap_alloc@V?$allocator@W4paramType@Parameter@@@std@@@std@@@std@@YAPAW4paramType@Parameter@@PAW412@00AAU?$_Wrap_alloc@V?$allocator@W4paramType@Parameter@@@std@@@0@@Z 10003b90 f i Audapter.obj
 0001:00002c10       ??$_Val_type@PAPBD@std@@YAPAPBDPAPBD@Z 10003c10 f i Audapter.obj
 0001:00002c40       ??$_Val_type@PAW4paramType@Parameter@@@std@@YAPAW4paramType@Parameter@@PAW412@@Z 10003c40 f i Audapter.obj
 0001:00002c70       ??$addressof@$$CBW4paramType@Parameter@@@std@@YAPBW4paramType@Parameter@@ABW412@@Z 10003c70 f i Audapter.obj
 0001:00002ca0       ??$addressof@D@std@@YAPADAAD@Z 10003ca0 f i Audapter.obj
 0001:00002cd0       ??$addressof@QBD@std@@YAPBQBDABQBD@Z 10003cd0 f i Audapter.obj
 0001:00002d00       ??$construct@PADAAPAD@?$_Wrap_alloc@V?$allocator@D@std@@@std@@QAEXPAPADAAPAD@Z 10003d00 f i Audapter.obj
 0001:00002d60       ??$construct@PADAAPAD@?$allocator@D@std@@QAEXPAPADAAPAD@Z 10003d60 f i Audapter.obj
 0001:00002e30       ??$construct@PADAAPAD@?$allocator_traits@V?$allocator@D@std@@@std@@SAXAAV?$allocator@D@1@PAPADAAPAD@Z 10003e30 f i Audapter.obj
 0001:00002e80       ??$construct@PBDAAPBD@?$_Wrap_alloc@V?$allocator@PBD@std@@@std@@QAEXPAPBDAAPBD@Z 10003e80 f i Audapter.obj
 0001:00002ee0       ??$construct@PBDAAPBD@?$allocator@PBD@std@@QAEXPAPBDAAPBD@Z 10003ee0 f i Audapter.obj
 0001:00002fb0       ??$construct@PBDAAPBD@?$allocator_traits@V?$allocator@PBD@std@@@std@@SAXAAV?$allocator@PBD@1@PAPBDAAPBD@Z 10003fb0 f i Audapter.obj
 0001:00003000       ??$construct@PBDABQBD@?$_Wrap_alloc@V?$allocator@PBD@std@@@std@@QAEXPAPBDABQBD@Z 10004000 f i Audapter.obj
 0001:00003060       ??$construct@PBDABQBD@?$allocator_traits@V?$allocator@PBD@std@@@std@@SAXAAV?$allocator@PBD@1@PAPBDABQBD@Z 10004060 f i Audapter.obj
 0001:000030b0       ??$construct@U_Container_proxy@std@@U12@@?$_Wrap_alloc@V?$allocator@U_Container_proxy@std@@@std@@@std@@QAEXPAU_Container_proxy@1@$$QAU21@@Z 100040b0 f i Audapter.obj
 0001:00003110       ??$construct@U_Container_proxy@std@@U12@@?$allocator@U_Container_proxy@std@@@std@@QAEXPAU_Container_proxy@1@$$QAU21@@Z 10004110 f i Audapter.obj
 0001:000031e0       ??$construct@U_Container_proxy@std@@U12@@?$allocator_traits@V?$allocator@U_Container_proxy@std@@@std@@@std@@SAXAAV?$allocator@U_Container_proxy@std@@@1@PAU_Container_proxy@1@$$QAU31@@Z 100041e0 f i Audapter.obj
 0001:00003230       ??$construct@W4paramType@Parameter@@AAW412@@?$_Wrap_alloc@V?$allocator@W4paramType@Parameter@@@std@@@std@@QAEXPAW4paramType@Parameter@@AAW423@@Z 10004230 f i Audapter.obj
 0001:00003290       ??$construct@W4paramType@Parameter@@AAW412@@?$allocator@W4paramType@Parameter@@@std@@QAEXPAW4paramType@Parameter@@AAW423@@Z 10004290 f i Audapter.obj
 0001:00003360       ??$construct@W4paramType@Parameter@@AAW412@@?$allocator_traits@V?$allocator@W4paramType@Parameter@@@std@@@std@@SAXAAV?$allocator@W4paramType@Parameter@@@1@PAW4paramType@Parameter@@AAW434@@Z 10004360 f i Audapter.obj
 0001:000033b0       ??$construct@W4paramType@Parameter@@ABW412@@?$_Wrap_alloc@V?$allocator@W4paramType@Parameter@@@std@@@std@@QAEXPAW4paramType@Parameter@@ABW423@@Z 100043b0 f i Audapter.obj
 0001:00003410       ??$construct@W4paramType@Parameter@@ABW412@@?$allocator_traits@V?$allocator@W4paramType@Parameter@@@std@@@std@@SAXAAV?$allocator@W4paramType@Parameter@@@1@PAW4paramType@Parameter@@ABW434@@Z 10004410 f i Audapter.obj
 0001:00003460       ??$destroy@PAD@?$_Wrap_alloc@V?$allocator@D@std@@@std@@QAEXPAPAD@Z 10004460 f i Audapter.obj
 0001:000034b0       ??$destroy@PAD@?$allocator@D@std@@QAEXPAPAD@Z 100044b0 f i Audapter.obj
 0001:000034e0       ??$destroy@PAD@?$allocator_traits@V?$allocator@D@std@@@std@@SAXAAV?$allocator@D@1@PAPAD@Z 100044e0 f i Audapter.obj
 0001:00003520       ??$destroy@U_Container_proxy@std@@@?$_Wrap_alloc@V?$allocator@U_Container_proxy@std@@@std@@@std@@QAEXPAU_Container_proxy@1@@Z 10004520 f i Audapter.obj
 0001:00003570       ??$destroy@U_Container_proxy@std@@@?$allocator@U_Container_proxy@std@@@std@@QAEXPAU_Container_proxy@1@@Z 10004570 f i Audapter.obj
 0001:000035a0       ??$destroy@U_Container_proxy@std@@@?$allocator_traits@V?$allocator@U_Container_proxy@std@@@std@@@std@@SAXAAV?$allocator@U_Container_proxy@std@@@1@PAU_Container_proxy@1@@Z 100045a0 f i Audapter.obj
 0001:000035e0       ??$endl@DU?$char_traits@D@std@@@std@@YAAAV?$basic_ostream@DU?$char_traits@D@std@@@0@AAV10@@Z 100045e0 f i Audapter.obj
 0001:00003660       ??$forward@AAPAD@std@@YAAAPADAAPAD@Z 10004660 f i Audapter.obj
 0001:00003690       ??$forward@AAPBD@std@@YAAAPBDAAPBD@Z 10004690 f i Audapter.obj
 0001:000036c0       ??$forward@AAW4paramType@Parameter@@@std@@YAAAW4paramType@Parameter@@AAW412@@Z 100046c0 f i Audapter.obj
 0001:000036f0       ??$forward@ABQBD@std@@YAABQBDABQBD@Z 100046f0 f i Audapter.obj
 0001:00003720       ??$forward@ABW4paramType@Parameter@@@std@@YAABW4paramType@Parameter@@ABW412@@Z 10004720 f i Audapter.obj
 0001:00003750       ??$forward@U_Container_proxy@std@@@std@@YA$$QAU_Container_proxy@0@AAU10@@Z 10004750 f i Audapter.obj
 0001:00003780       ??$forward@V?$basic_string@DU?$char_traits@D@std@@V?$allocator@D@2@@std@@@std@@YA$$QAV?$basic_string@DU?$char_traits@D@std@@V?$allocator@D@2@@0@AAV10@@Z 10004780 f i Audapter.obj
 0001:000037b0       ??$pow@HN@@YANHN@Z         100047b0 f i Audapter.obj
 0001:00003810       ??$sprintf_s@$0BAA@@@YAHAAY0BAA@DPBDZZ 10004810 f i Audapter.obj
 0001:00003870       ??$transform@V?$_String_iterator@V?$_String_val@U?$_Simple_types@D@std@@@std@@@std@@V12@P6AHH@Z@std@@YA?AV?$_String_iterator@V?$_String_val@U?$_Simple_types@D@std@@@std@@@0@V10@00P6AHH@Z@Z 10004870 f i Audapter.obj
 0001:00003ae0       ??$use_facet@V?$codecvt@DDH@std@@@std@@YAABV?$codecvt@DDH@0@ABVlocale@0@@Z 10004ae0 f i Audapter.obj
 0001:00003c90       ??0?$IIR_Filter@N@@QAE@H@Z 10004c90 f i Audapter.obj
 0001:00003da0       ??0?$_Iterator012@Urandom_access_iterator_tag@std@@DHPBDABDU_Iterator_base12@2@@std@@QAE@ABU01@@Z 10004da0 f i Audapter.obj
 0001:00003df0       ??0?$_Iterator012@Urandom_access_iterator_tag@std@@DHPBDABDU_Iterator_base12@2@@std@@QAE@XZ 10004df0 f i Audapter.obj
 0001:00003e40       ??0?$_String_alloc@$0A@U?$_String_base_types@DV?$allocator@D@std@@@std@@@std@@QAE@ABV?$allocator@D@1@@Z 10004e40 f i Audapter.obj
 0001:00003ed0       ??0?$_String_const_iterator@V?$_String_val@U?$_Simple_types@D@std@@@std@@@std@@QAE@ABV01@@Z 10004ed0 f i Audapter.obj
 0001:00003f30       ??0?$_String_const_iterator@V?$_String_val@U?$_Simple_types@D@std@@@std@@@std@@QAE@PBDPBU_Container_base12@1@@Z 10004f30 f i Audapter.obj
 0001:00003fd0       ??0?$_String_iterator@V?$_String_val@U?$_Simple_types@D@std@@@std@@@std@@QAE@ABV01@@Z 10004fd0 f i Audapter.obj
 0001:00004020       ??0?$_String_iterator@V?$_String_val@U?$_Simple_types@D@std@@@std@@@std@@QAE@PADPBU_Container_base12@1@@Z 10005020 f i Audapter.obj
 0001:00004070       ??0?$_String_val@U?$_Simple_types@D@std@@@std@@QAE@XZ 10005070 f i Audapter.obj
 0001:000040d0       ??0?$_Vector_alloc@$0A@U?$_Vec_base_types@PBDV?$allocator@PBD@std@@@std@@@std@@QAE@ABV?$allocator@PBD@1@@Z 100050d0 f i Audapter.obj
 0001:00004160       ??0?$_Vector_alloc@$0A@U?$_Vec_base_types@W4paramType@Parameter@@V?$allocator@W4paramType@Parameter@@@std@@@std@@@std@@QAE@ABV?$allocator@W4paramType@Parameter@@@1@@Z 10005160 f i Audapter.obj
 0001:000041f0       ??0?$_Vector_val@U?$_Simple_types@PBD@std@@@std@@QAE@XZ 100051f0 f i Audapter.obj
 0001:00004260       ??0?$_Vector_val@U?$_Simple_types@W4paramType@Parameter@@@std@@@std@@QAE@XZ 10005260 f i Audapter.obj
 0001:000042d0       ??0?$_Wrap_alloc@V?$allocator@D@std@@@std@@QAE@ABV?$allocator@D@1@@Z 100052d0 f i Audapter.obj
 0001:00004320       ??0?$_Wrap_alloc@V?$allocator@D@std@@@std@@QAE@XZ 10005320 f i Audapter.obj
 0001:00004370       ??0?$_Wrap_alloc@V?$allocator@PBD@std@@@std@@QAE@XZ 10005370 f i Audapter.obj
 0001:000043c0       ??0?$_Wrap_alloc@V?$allocator@U_Container_proxy@std@@@std@@@std@@QAE@XZ 100053c0 f i Audapter.obj
 0001:00004410       ??0?$_Wrap_alloc@V?$allocator@W4paramType@Parameter@@@std@@@std@@QAE@XZ 10005410 f i Audapter.obj
 0001:00004460       ??0?$allocator@D@std@@QAE@ABV01@@Z 10005460 f i Audapter.obj
 0001:00004490       ??0?$allocator@D@std@@QAE@XZ 10005490 f i Audapter.obj
 0001:000044c0       ??0?$allocator@PBD@std@@QAE@XZ 100054c0 f i Audapter.obj
 0001:000044f0       ??0?$allocator@U_Container_proxy@std@@@std@@QAE@XZ 100054f0 f i Audapter.obj
 0001:00004520       ??0?$allocator@W4paramType@Parameter@@@std@@QAE@XZ 10005520 f i Audapter.obj
 0001:00004550       ??0?$basic_filebuf@DU?$char_traits@D@std@@@std@@QAE@PAU_iobuf@@@Z 10005550 f i Audapter.obj
 0001:000045f0       ??0?$basic_fstream@DU?$char_traits@D@std@@@std@@QAE@XZ 100055f0 f i Audapter.obj
 0001:00004710       ??0?$basic_ofstream@DU?$char_traits@D@std@@@std@@QAE@XZ 10005710 f i Audapter.obj
 0001:00004820       ??0?$basic_ostringstream@DU?$char_traits@D@std@@V?$allocator@D@2@@std@@QAE@H@Z 10005820 f i Audapter.obj
 0001:00004940       ??0?$basic_string@DU?$char_traits@D@std@@V?$allocator@D@2@@std@@QAE@$$QAV01@@Z 10005940 f i Audapter.obj
 0001:000049c0       ??0?$basic_string@DU?$char_traits@D@std@@V?$allocator@D@2@@std@@QAE@ABV01@@Z 100059c0 f i Audapter.obj
 0001:00004a80       ??0?$basic_string@DU?$char_traits@D@std@@V?$allocator@D@2@@std@@QAE@ID@Z 10005a80 f i Audapter.obj
 0001:00004b30       ??0?$basic_string@DU?$char_traits@D@std@@V?$allocator@D@2@@std@@QAE@PBD@Z 10005b30 f i Audapter.obj
 0001:00004bd0       ??0?$basic_string@DU?$char_traits@D@std@@V?$allocator@D@2@@std@@QAE@PBDI@Z 10005bd0 f i Audapter.obj
 0001:00004c80       ??0?$basic_string@DU?$char_traits@D@std@@V?$allocator@D@2@@std@@QAE@XZ 10005c80 f i Audapter.obj
 0001:00004d20       ??0?$basic_stringbuf@DU?$char_traits@D@std@@V?$allocator@D@2@@std@@QAE@H@Z 10005d20 f i Audapter.obj
 0001:00004de0       ??0?$fpos@H@std@@QAE@H_J@Z 10005de0 f i Audapter.obj
 0001:00004e40       ??0?$fpos@H@std@@QAE@_J@Z  10005e40 f i Audapter.obj
 0001:00004ea0       ??0?$vector@PBDV?$allocator@PBD@std@@@std@@QAE@XZ 10005ea0 f i Audapter.obj
 0001:00004ef0       ??0?$vector@W4paramType@Parameter@@V?$allocator@W4paramType@Parameter@@@std@@@std@@QAE@XZ 10005ef0 f i Audapter.obj
 0001:00004f40       ??0Audapter@@QAE@XZ        10005f40 f   Audapter.obj
 0001:00006600       ??0Parameter@@QAE@XZ       10007600 f i Audapter.obj
 0001:000066a0       ??0_Container_proxy@std@@QAE@XZ 100076a0 f i Audapter.obj
 0001:000066e0       ??0_Generic_error_category@std@@QAE@XZ 100076e0 f i Audapter.obj
 0001:00006730       ??0_Ignore@std@@QAE@XZ     10007730 f i Audapter.obj
 0001:00006760       ??0_Iostream_error_category@std@@QAE@XZ 10007760 f i Audapter.obj
 0001:000067b0       ??0_Iterator_base12@std@@QAE@ABU01@@Z 100077b0 f i Audapter.obj
 0001:00006810       ??0_Iterator_base12@std@@QAE@XZ 10007810 f i Audapter.obj
 0001:00006850       ??0_Sentry_base@?$basic_ostream@DU?$char_traits@D@std@@@std@@QAE@AAV12@@Z 10007850 f i Audapter.obj
 0001:00006910       ??0_System_error_category@std@@QAE@XZ 10007910 f i Audapter.obj
 0001:00006960       ??0error_category@std@@QAE@XZ 10007960 f i Audapter.obj
 0001:000069a0       ??0error_condition@std@@QAE@HABVerror_category@1@@Z 100079a0 f i Audapter.obj
 0001:000069e0       ??0sentry@?$basic_ostream@DU?$char_traits@D@std@@@std@@QAE@AAV12@@Z 100079e0 f i Audapter.obj
 0001:00006b20       ??1?$IIR_Filter@N@@QAE@XZ  10007b20 f i Audapter.obj
 0001:00006bd0       ??1?$_Iterator012@Urandom_access_iterator_tag@std@@DHPBDABDU_Iterator_base12@2@@std@@QAE@XZ 10007bd0 f i Audapter.obj
 0001:00006c10       ??1?$_String_alloc@$0A@U?$_String_base_types@DV?$allocator@D@std@@@std@@@std@@QAE@XZ 10007c10 f i Audapter.obj
 0001:00006c60       ??1?$_String_const_iterator@V?$_String_val@U?$_Simple_types@D@std@@@std@@@std@@QAE@XZ 10007c60 f i Audapter.obj
 0001:00006ca0       ??1?$_String_iterator@V?$_String_val@U?$_Simple_types@D@std@@@std@@@std@@QAE@XZ 10007ca0 f i Audapter.obj
 0001:00006ce0       ??1?$_String_val@U?$_Simple_types@D@std@@@std@@QAE@XZ 10007ce0 f i Audapter.obj
 0001:00006d30       ??1?$_Vector_alloc@$0A@U?$_Vec_base_types@PBDV?$allocator@PBD@std@@@std@@@std@@QAE@XZ 10007d30 f i Audapter.obj
 0001:00006d80       ??1?$_Vector_alloc@$0A@U?$_Vec_base_types@W4paramType@Parameter@@V?$allocator@W4paramType@Parameter@@@std@@@std@@@std@@QAE@XZ 10007d80 f i Audapter.obj
 0001:00006dd0       ??1?$_Vector_val@U?$_Simple_types@PBD@std@@@std@@QAE@XZ 10007dd0 f i Audapter.obj
 0001:00006e20       ??1?$_Vector_val@U?$_Simple_types@W4paramType@Parameter@@@std@@@std@@QAE@XZ 10007e20 f i Audapter.obj
 0001:00006e70       ??1?$basic_filebuf@DU?$char_traits@D@std@@@std@@UAE@XZ 10007e70 f i Audapter.obj
 0001:00006ef0       ??1?$basic_fstream@DU?$char_traits@D@std@@@std@@UAE@XZ 10007ef0 f i Audapter.obj
 0001:00006f80       ??1?$basic_ofstream@DU?$char_traits@D@std@@@std@@UAE@XZ 10007f80 f i Audapter.obj
 0001:00007010       ??1?$basic_ostringstream@DU?$char_traits@D@std@@V?$allocator@D@2@@std@@UAE@XZ 10008010 f i Audapter.obj
 0001:000070a0       ??1?$basic_string@DU?$char_traits@D@std@@V?$allocator@D@2@@std@@QAE@XZ 100080a0 f i Audapter.obj
 0001:000070f0       ??1?$basic_stringbuf@DU?$char_traits@D@std@@V?$allocator@D@2@@std@@UAE@XZ 100080f0 f i Audapter.obj
 0001:00007150       ??1?$vector@PBDV?$allocator@PBD@std@@@std@@QAE@XZ 10008150 f i Audapter.obj
 0001:000071a0       ??1?$vector@W4paramType@Parameter@@V?$allocator@W4paramType@Parameter@@@std@@@std@@QAE@XZ 100081a0 f i Audapter.obj
 0001:000071f0       ??1Audapter@@QAE@XZ        100081f0 f   Audapter.obj
 0001:000073a0       ??1Parameter@@QAE@XZ       100083a0 f i Audapter.obj
 0001:00007400       ??1_Generic_error_category@std@@UAE@XZ 10008400 f i Audapter.obj
 0001:00007440       ??1_Iostream_error_category@std@@UAE@XZ 10008440 f i Audapter.obj
 0001:00007480       ??1_Iterator_base12@std@@QAE@XZ 10008480 f i Audapter.obj
 0001:00007520       ??1_Sentry_base@?$basic_ostream@DU?$char_traits@D@std@@@std@@QAE@XZ 10008520 f i Audapter.obj
 0001:000075e0       ??1_System_error_category@std@@UAE@XZ 100085e0 f i Audapter.obj
 0001:00007620       ??1error_category@std@@UAE@XZ 10008620 f i Audapter.obj
 0001:00007660       ??1locale@std@@QAE@XZ      10008660 f i Audapter.obj
 0001:000076d0       ??1ostFileSyntaxError@OST_TAB@@QAE@XZ 100086d0 f i Audapter.obj
 0001:00007710       ??1pcfFileSyntaxError@PERT_CFG@@QAE@XZ 10008710 f i Audapter.obj
 0001:00007750       ??1sentry@?$basic_ostream@DU?$char_traits@D@std@@@std@@QAE@XZ 10008750 f i Audapter.obj
 0001:000077c0       ??1unrecognizedOSTModeError@OST_TAB@@QAE@XZ 100087c0 f i Audapter.obj
 0001:00007800       ??2@YAPAXIPAX@Z            10008800 f i Audapter.obj
 0001:00007830       ??3@YAXPAX0@Z              10008830 f i Audapter.obj
 0001:00007860       ??4?$basic_string@DU?$char_traits@D@std@@V?$allocator@D@2@@std@@QAEAAV01@PBD@Z 10008860 f i Audapter.obj
 0001:000078b0       ??4_Iterator_base12@std@@QAEAAU01@ABU01@@Z 100088b0 f i Audapter.obj
 0001:000079b0       ??8?$_String_const_iterator@V?$_String_val@U?$_Simple_types@D@std@@@std@@@std@@QBE_NABV01@@Z 100089b0 f i Audapter.obj
 0001:00007a20       ??8error_category@std@@QBE_NABV01@@Z 10008a20 f i Audapter.obj
 0001:00007a70       ??8error_condition@std@@QBE_NABV01@@Z 10008a70 f i Audapter.obj
 0001:00007b00       ??9?$_String_const_iterator@V?$_String_val@U?$_Simple_types@D@std@@@std@@@std@@QBE_NABV01@@Z 10008b00 f i Audapter.obj
 0001:00007b70       ??A?$vector@PBDV?$allocator@PBD@std@@@std@@QAEAAPBDI@Z 10008b70 f i Audapter.obj
 0001:00007c50       ??A?$vector@W4paramType@Parameter@@V?$allocator@W4paramType@Parameter@@@std@@@std@@QAEAAW4paramType@Parameter@@I@Z 10008c50 f i Audapter.obj
 0001:00007d30       ??B?$fpos@H@std@@QBE_JXZ   10008d30 f i Audapter.obj
 0001:00007d70       ??Bsentry@?$basic_ostream@DU?$char_traits@D@std@@@std@@QBE_NXZ 10008d70 f i Audapter.obj
 0001:00007da0       ??D?$_String_const_iterator@V?$_String_val@U?$_Simple_types@D@std@@@std@@@std@@QBEABDXZ 10008da0 f i Audapter.obj
 0001:00007eb0       ??D?$_String_iterator@V?$_String_val@U?$_Simple_types@D@std@@@std@@@std@@QBEAADXZ 10008eb0 f i Audapter.obj
 0001:00007ef0       ??H?$_String_iterator@V?$_String_val@U?$_Simple_types@D@std@@@std@@@std@@QBE?AV01@H@Z 10008ef0 f i Audapter.obj
 0001:00007fe0       ??M?$_String_const_iterator@V?$_String_val@U?$_Simple_types@D@std@@@std@@@std@@QBE_NABV01@@Z 10008fe0 f i Audapter.obj
 0001:00008050       ??Y?$_String_const_iterator@V?$_String_val@U?$_Simple_types@D@std@@@std@@@std@@QAEAAV01@H@Z 10009050 f i Audapter.obj
 0001:00008180       ??Y?$_String_iterator@V?$_String_val@U?$_Simple_types@D@std@@@std@@@std@@QAEAAV01@H@Z 10009180 f i Audapter.obj
 0001:000081d0       ??Y?$basic_string@DU?$char_traits@D@std@@V?$allocator@D@2@@std@@QAEAAV01@ABV01@@Z 100091d0 f i Audapter.obj
 0001:00008220       ??Y?$basic_string@DU?$char_traits@D@std@@V?$allocator@D@2@@std@@QAEAAV01@PBD@Z 10009220 f i Audapter.obj
 0001:00008270       ??_D?$basic_fstream@DU?$char_traits@D@std@@@std@@QAEXXZ 10009270 f i Audapter.obj
 0001:000082d0       ??_D?$basic_ofstream@DU?$char_traits@D@std@@@std@@QAEXXZ 100092d0 f i Audapter.obj
 0001:00008330       ??_D?$basic_ostringstream@DU?$char_traits@D@std@@V?$allocator@D@2@@std@@QAEXXZ 10009330 f i Audapter.obj
 0001:00008387       ??_E?$basic_fstream@DU?$char_traits@D@std@@@std@@$4PPPPPPPM@A@AEPAXI@Z 10009387 f i Audapter.obj
 0001:0000838f       ??_E?$basic_ofstream@DU?$char_traits@D@std@@@std@@$4PPPPPPPM@A@AEPAXI@Z 1000938f f i Audapter.obj
 0001:00008397       ??_E?$basic_ostringstream@DU?$char_traits@D@std@@V?$allocator@D@2@@std@@$4PPPPPPPM@A@AEPAXI@Z 10009397 f i Audapter.obj
 0001:000083a0       ??_EPhaseVocoder@@QAEPAXI@Z 100093a0 f i Audapter.obj
 0001:00008440       ??_E?$basic_filebuf@DU?$char_traits@D@std@@@std@@UAEPAXI@Z 10009440 f i Audapter.obj
 0001:00008440       ??_G?$basic_filebuf@DU?$char_traits@D@std@@@std@@UAEPAXI@Z 10009440 f i Audapter.obj
 0001:000084a0       ??_G?$basic_fstream@DU?$char_traits@D@std@@@std@@UAEPAXI@Z 100094a0 f i Audapter.obj
 0001:000084a0       ??_E?$basic_fstream@DU?$char_traits@D@std@@@std@@UAEPAXI@Z 100094a0 f i Audapter.obj
 0001:00008510       ??_E?$basic_ofstream@DU?$char_traits@D@std@@@std@@UAEPAXI@Z 10009510 f i Audapter.obj
 0001:00008510       ??_G?$basic_ofstream@DU?$char_traits@D@std@@@std@@UAEPAXI@Z 10009510 f i Audapter.obj
 0001:00008580       ??_G?$basic_ostringstream@DU?$char_traits@D@std@@V?$allocator@D@2@@std@@UAEPAXI@Z 10009580 f i Audapter.obj
 0001:00008580       ??_E?$basic_ostringstream@DU?$char_traits@D@std@@V?$allocator@D@2@@std@@UAEPAXI@Z 10009580 f i Audapter.obj
 0001:000085f0       ??_E?$basic_stringbuf@DU?$char_traits@D@std@@V?$allocator@D@2@@std@@UAEPAXI@Z 100095f0 f i Audapter.obj
 0001:000085f0       ??_G?$basic_stringbuf@DU?$char_traits@D@std@@V?$allocator@D@2@@std@@UAEPAXI@Z 100095f0 f i Audapter.obj
 0001:00008650       ??_GLPFormantTracker@@QAEPAXI@Z 10009650 f i Audapter.obj
 0001:000086b0       ??_G_Generic_error_category@std@@UAEPAXI@Z 100096b0 f i Audapter.obj
 0001:000086b0       ??_E_Generic_error_category@std@@UAEPAXI@Z 100096b0 f i Audapter.obj
 0001:00008710       ??_G_Iostream_error_category@std@@UAEPAXI@Z 10009710 f i Audapter.obj
 0001:00008710       ??_E_Iostream_error_category@std@@UAEPAXI@Z 10009710 f i Audapter.obj
 0001:00008770       ??_E_System_error_category@std@@UAEPAXI@Z 10009770 f i Audapter.obj
 0001:00008770       ??_G_System_error_category@std@@UAEPAXI@Z 10009770 f i Audapter.obj
 0001:000087d0       ??_Gerror_category@std@@UAEPAXI@Z 100097d0 f i Audapter.obj
 0001:000087d0       ??_Eerror_category@std@@UAEPAXI@Z 100097d0 f i Audapter.obj
 0001:00008830       ?DSPF_dp_cfftr2@Audapter@@AAEXHPAN0H@Z 10009830 f   Audapter.obj
 0001:00008a30       ?DSPF_dp_icfftr2@Audapter@@AAEXHPAN0H@Z 10009a30 f   Audapter.obj
 0001:00008c30       ?_Adopt@_Iterator_base12@std@@QAEXPBU_Container_base12@2@@Z 10009c30 f i Audapter.obj
 0001:00008d80       ?_Alloc_proxy@?$_String_alloc@$0A@U?$_String_base_types@DV?$allocator@D@std@@@std@@@std@@QAEXXZ 10009d80 f i Audapter.obj
 0001:00008e30       ?_Alloc_proxy@?$_Vector_alloc@$0A@U?$_Vec_base_types@PBDV?$allocator@PBD@std@@@std@@@std@@QAEXXZ 10009e30 f i Audapter.obj
 0001:00008ee0       ?_Alloc_proxy@?$_Vector_alloc@$0A@U?$_Vec_base_types@W4paramType@Parameter@@V?$allocator@W4paramType@Parameter@@@std@@@std@@@std@@QAEXXZ 10009ee0 f i Audapter.obj
 0001:00008f90       ?_Assign_rv@?$basic_string@DU?$char_traits@D@std@@V?$allocator@D@2@@std@@QAEX$$QAV12@@Z 10009f90 f i Audapter.obj
 0001:00009050       ?_Chassign@?$basic_string@DU?$char_traits@D@std@@V?$allocator@D@2@@std@@QAEXIID@Z 1000a050 f i Audapter.obj
 0001:000090d0       ?_Clrcont@_Iterator_base12@std@@QAEXXZ 1000a0d0 f i Audapter.obj
 0001:00009110       ?_Compat@?$_String_const_iterator@V?$_String_val@U?$_Simple_types@D@std@@@std@@@std@@QBEXABV12@@Z 1000a110 f i Audapter.obj
 0001:00009200       ?_Copy@?$basic_string@DU?$char_traits@D@std@@V?$allocator@D@2@@std@@QAEXII@Z 1000a200 f i Audapter.obj
 0001:00009430       ?_Destroy@?$vector@PBDV?$allocator@PBD@std@@@std@@IAEXPAPBD0@Z 1000a430 f i Audapter.obj
 0001:000094c0       ?_Destroy@?$vector@W4paramType@Parameter@@V?$allocator@W4paramType@Parameter@@@std@@@std@@IAEXPAW4paramType@Parameter@@0@Z 1000a4c0 f i Audapter.obj
 0001:00009550       ?_Endwrite@?$basic_filebuf@DU?$char_traits@D@std@@@std@@IAE_NXZ 1000a550 f i Audapter.obj
 0001:00009930       ?_Eos@?$basic_string@DU?$char_traits@D@std@@V?$allocator@D@2@@std@@QAEXI@Z 1000a930 f i Audapter.obj
 0001:000099a0       ?_Free_proxy@?$_String_alloc@$0A@U?$_String_base_types@DV?$allocator@D@std@@@std@@@std@@QAEXXZ 1000a9a0 f i Audapter.obj
 0001:00009a50       ?_Free_proxy@?$_Vector_alloc@$0A@U?$_Vec_base_types@PBDV?$allocator@PBD@std@@@std@@@std@@QAEXXZ 1000aa50 f i Audapter.obj
 0001:00009b00       ?_Free_proxy@?$_Vector_alloc@$0A@U?$_Vec_base_types@W4paramType@Parameter@@V?$allocator@W4paramType@Parameter@@@std@@@std@@@std@@QAEXXZ 1000ab00 f i Audapter.obj
 0001:00009bb0       ?_Getal@?$_String_alloc@$0A@U?$_String_base_types@DV?$allocator@D@std@@@std@@@std@@QBE?AU?$_Wrap_alloc@V?$allocator@D@std@@@2@XZ 1000abb0 f i Audapter.obj
 0001:00009c00       ?_Getal@?$_Vector_alloc@$0A@U?$_Vec_base_types@PBDV?$allocator@PBD@std@@@std@@@std@@QBE?AU?$_Wrap_alloc@V?$allocator@PBD@std@@@2@XZ 1000ac00 f i Audapter.obj
 0001:00009c50       ?_Getal@?$_Vector_alloc@$0A@U?$_Vec_base_types@W4paramType@Parameter@@V?$allocator@W4paramType@Parameter@@@std@@@std@@@std@@QBE?AU?$_Wrap_alloc@V?$allocator@W4paramType@Parameter@@@std@@@2@XZ 1000ac50 f i Audapter.obj
 0001:00009ca0       ?_Getcont@_Iterator_base12@std@@QBEPBU_Container_base12@2@XZ 1000aca0 f i Audapter.obj
 0001:00009d00       ?_Getfacet@locale@std@@QBEPBVfacet@12@I@Z 1000ad00 f i Audapter.obj
 0001:00009dd0       ?_Getpnext@_Iterator_base12@std@@QAEPAPAU12@XZ 1000add0 f i Audapter.obj
 0001:00009e00       ?_Getstate@?$basic_stringbuf@DU?$char_traits@D@std@@V?$allocator@D@2@@std@@AAEHH@Z 1000ae00 f i Audapter.obj
 0001:00009e80       ?_Grow@?$basic_string@DU?$char_traits@D@std@@V?$allocator@D@2@@std@@QAE_NI_N@Z 1000ae80 f i Audapter.obj
 0001:00009f70       ?_Grow_to@?$vector@PBDV?$allocator@PBD@std@@@std@@IBEII@Z 1000af70 f i Audapter.obj
 0001:0000a000       ?_Grow_to@?$vector@W4paramType@Parameter@@V?$allocator@W4paramType@Parameter@@@std@@@std@@IBEII@Z 1000b000 f i Audapter.obj
 0001:0000a090       ?_Init@?$basic_filebuf@DU?$char_traits@D@std@@@std@@IAEXPAU_iobuf@@W4_Initfl@12@@Z 1000b090 f i Audapter.obj
 0001:0000a190       ?_Init@?$basic_stringbuf@DU?$char_traits@D@std@@V?$allocator@D@2@@std@@IAEXPBDIH@Z 1000b190 f i Audapter.obj
 0001:0000a2f0       ?_Initcvt@?$basic_filebuf@DU?$char_traits@D@std@@@std@@IAEXPBV?$codecvt@DDH@2@@Z 1000b2f0 f i Audapter.obj
 0001:0000a370       ?_Inside@?$basic_string@DU?$char_traits@D@std@@V?$allocator@D@2@@std@@QAE_NPBD@Z 1000b370 f i Audapter.obj
 0001:0000a3e0       ?_Inside@?$vector@PBDV?$allocator@PBD@std@@@std@@IBE_NPBQBD@Z 1000b3e0 f i Audapter.obj
 0001:0000a440       ?_Inside@?$vector@W4paramType@Parameter@@V?$allocator@W4paramType@Parameter@@@std@@@std@@IBE_NPBW4paramType@Parameter@@@Z 1000b440 f i Audapter.obj
 0001:0000a4a0       ?_Lock@?$basic_filebuf@DU?$char_traits@D@std@@@std@@UAEXXZ 1000b4a0 f i Audapter.obj
 0001:0000a500       ?_Myptr@?$_String_val@U?$_Simple_types@D@std@@@std@@QAEPADXZ 1000b500 f i Audapter.obj
 0001:0000a570       ?_Myptr@?$_String_val@U?$_Simple_types@D@std@@@std@@QBEPBDXZ 1000b570 f i Audapter.obj
 0001:0000a5e0       ?_Orphan_me@_Iterator_base12@std@@QAEXXZ 1000b5e0 f i Audapter.obj
 0001:0000a690       ?_Orphan_range@?$vector@PBDV?$allocator@PBD@std@@@std@@IBEXPAPBD0@Z 1000b690 f i Audapter.obj
 0001:0000a7c0       ?_Orphan_range@?$vector@W4paramType@Parameter@@V?$allocator@W4paramType@Parameter@@@std@@@std@@IBEXPAW4paramType@Parameter@@0@Z 1000b7c0 f i Audapter.obj
 0001:0000a8f0       ?_Reallocate@?$vector@PBDV?$allocator@PBD@std@@@std@@IAEXI@Z 1000b8f0 f i Audapter.obj
 0001:0000aa70       ?_Reallocate@?$vector@W4paramType@Parameter@@V?$allocator@W4paramType@Parameter@@@std@@@std@@IAEXI@Z 1000ba70 f i Audapter.obj
 0001:0000abf0       ?_Reserve@?$vector@PBDV?$allocator@PBD@std@@@std@@IAEXI@Z 1000bbf0 f i Audapter.obj
 0001:0000ac80       ?_Reserve@?$vector@W4paramType@Parameter@@V?$allocator@W4paramType@Parameter@@@std@@@std@@IAEXI@Z 1000bc80 f i Audapter.obj
 0001:0000ad10       ?_Reset_back@?$basic_filebuf@DU?$char_traits@D@std@@@std@@AAEXXZ 1000bd10 f i Audapter.obj
 0001:0000ad90       ?_Set_back@?$basic_filebuf@DU?$char_traits@D@std@@@std@@AAEXXZ 1000bd90 f i Audapter.obj
 0001:0000ae40       ?_Tidy@?$basic_string@DU?$char_traits@D@std@@V?$allocator@D@2@@std@@QAEX_NI@Z 1000be40 f i Audapter.obj
 0001:0000af20       ?_Tidy@?$basic_stringbuf@DU?$char_traits@D@std@@V?$allocator@D@2@@std@@IAEXXZ 1000bf20 f i Audapter.obj
 0001:0000b030       ?_Tidy@?$vector@PBDV?$allocator@PBD@std@@@std@@IAEXXZ 1000c030 f i Audapter.obj
 0001:0000b0f0       ?_Tidy@?$vector@W4paramType@Parameter@@V?$allocator@W4paramType@Parameter@@@std@@@std@@IAEXXZ 1000c0f0 f i Audapter.obj
 0001:0000b1b0       ?_Unchecked@?$_String_iterator@V?$_String_val@U?$_Simple_types@D@std@@@std@@@std@@QBEPADXZ 1000c1b0 f i Audapter.obj
 0001:0000b1e0       ?_Unlock@?$basic_filebuf@DU?$char_traits@D@std@@@std@@UAEXXZ 1000c1e0 f i Audapter.obj
 0001:0000b240       ?_Unused_capacity@?$vector@PBDV?$allocator@PBD@std@@@std@@QBEIXZ 1000c240 f i Audapter.obj
 0001:0000b280       ?_Unused_capacity@?$vector@W4paramType@Parameter@@V?$allocator@W4paramType@Parameter@@@std@@@std@@QBEIXZ 1000c280 f i Audapter.obj
 0001:0000b2c0       ?_Xlen@?$basic_string@DU?$char_traits@D@std@@V?$allocator@D@2@@std@@QBEXXZ 1000c2c0 f i Audapter.obj
 0001:0000b310       ?_Xlen@?$vector@PBDV?$allocator@PBD@std@@@std@@IBEXXZ 1000c310 f i Audapter.obj
 0001:0000b360       ?_Xlen@?$vector@W4paramType@Parameter@@V?$allocator@W4paramType@Parameter@@@std@@@std@@IBEXXZ 1000c360 f i Audapter.obj
 0001:0000b3b0       ?_Xran@?$basic_string@DU?$char_traits@D@std@@V?$allocator@D@2@@std@@QBEXXZ 1000c3b0 f i Audapter.obj
 0001:0000b400       ?addParam@Parameter@@QAEXPBD0W4paramType@1@@Z 1000c400 f i Audapter.obj
 0001:0000b480       ?allocate@?$_Wrap_alloc@V?$allocator@D@std@@@std@@QAEPADI@Z 1000c480 f i Audapter.obj
 0001:0000b4d0       ?allocate@?$_Wrap_alloc@V?$allocator@PBD@std@@@std@@QAEPAPBDI@Z 1000c4d0 f i Audapter.obj
 0001:0000b520       ?allocate@?$_Wrap_alloc@V?$allocator@U_Container_proxy@std@@@std@@@std@@QAEPAU_Container_proxy@2@I@Z 1000c520 f i Audapter.obj
 0001:0000b570       ?allocate@?$_Wrap_alloc@V?$allocator@W4paramType@Parameter@@@std@@@std@@QAEPAW4paramType@Parameter@@I@Z 1000c570 f i Audapter.obj
 0001:0000b5c0       ?allocate@?$allocator@D@std@@QAEPADI@Z 1000c5c0 f i Audapter.obj
 0001:0000b610       ?allocate@?$allocator@PBD@std@@QAEPAPBDI@Z 1000c610 f i Audapter.obj
 0001:0000b660       ?allocate@?$allocator@U_Container_proxy@std@@@std@@QAEPAU_Container_proxy@2@I@Z 1000c660 f i Audapter.obj
 0001:0000b6b0       ?allocate@?$allocator@W4paramType@Parameter@@@std@@QAEPAW4paramType@Parameter@@I@Z 1000c6b0 f i Audapter.obj
 0001:0000b700       ?append@?$basic_string@DU?$char_traits@D@std@@V?$allocator@D@2@@std@@QAEAAV12@ABV12@@Z 1000c700 f i Audapter.obj
 0001:0000b750       ?append@?$basic_string@DU?$char_traits@D@std@@V?$allocator@D@2@@std@@QAEAAV12@ABV12@II@Z 1000c750 f i Audapter.obj
 0001:0000b830       ?append@?$basic_string@DU?$char_traits@D@std@@V?$allocator@D@2@@std@@QAEAAV12@ID@Z 1000c830 f i Audapter.obj
 0001:0000b8d0       ?append@?$basic_string@DU?$char_traits@D@std@@V?$allocator@D@2@@std@@QAEAAV12@PBD@Z 1000c8d0 f i Audapter.obj
 0001:0000b940       ?append@?$basic_string@DU?$char_traits@D@std@@V?$allocator@D@2@@std@@QAEAAV12@PBDI@Z 1000c940 f i Audapter.obj
 0001:0000ba40       ?assign@?$basic_string@DU?$char_traits@D@std@@V?$allocator@D@2@@std@@QAEAAV12@ABV12@II@Z 1000ca40 f i Audapter.obj
 0001:0000bb20       ?assign@?$basic_string@DU?$char_traits@D@std@@V?$allocator@D@2@@std@@QAEAAV12@ID@Z 1000cb20 f i Audapter.obj
 0001:0000bbb0       ?assign@?$basic_string@DU?$char_traits@D@std@@V?$allocator@D@2@@std@@QAEAAV12@PBD@Z 1000cbb0 f i Audapter.obj
 0001:0000bc20       ?assign@?$basic_string@DU?$char_traits@D@std@@V?$allocator@D@2@@std@@QAEAAV12@PBDI@Z 1000cc20 f i Audapter.obj
 0001:0000bcf0       ?assign@?$char_traits@D@std@@SAPADPADID@Z 1000ccf0 f i Audapter.obj
 0001:0000bd40       ?assign@?$char_traits@D@std@@SAXAADABD@Z 1000cd40 f i Audapter.obj
 0001:0000bd70       ?audapterCallback@@YAHPADHPAX@Z 1000cd70 f   Audapter.obj
 0001:0000be60       ?begin@?$basic_string@DU?$char_traits@D@std@@V?$allocator@D@2@@std@@QAE?AV?$_String_iterator@V?$_String_val@U?$_Simple_types@D@std@@@std@@@2@XZ 1000ce60 f i Audapter.obj
 0001:0000bec0       ?bit_rev@Audapter@@AAEXPANH@Z 1000cec0 f   Audapter.obj
 0001:0000bfe0       ?c_str@?$basic_string@DU?$char_traits@D@std@@V?$allocator@D@2@@std@@QBEPBDXZ 1000cfe0 f i Audapter.obj
 0001:0000c020       ?calcRMS1@Audapter@@AAENPBNH@Z 1000d020 f   Audapter.obj
 0001:0000c0f0       ?calcRMS2@Audapter@@AAENPBNH@Z 1000d0f0 f   Audapter.obj
 0001:0000c1c0       ?calcRMSSlope@Audapter@@AAEXXZ 1000d1c0 f   Audapter.obj
 0001:0000c3a0       ?calcRMS_fb@Audapter@@AAENPBNH_N@Z 1000d3a0 f   Audapter.obj
 0001:0000c790       ?capacity@?$vector@PBDV?$allocator@PBD@std@@@std@@QBEIXZ 1000d790 f i Audapter.obj
 0001:0000c7d0       ?capacity@?$vector@W4paramType@Parameter@@V?$allocator@W4paramType@Parameter@@@std@@@std@@QBEIXZ 1000d7d0 f i Audapter.obj
 0001:0000c810       ?category@error_code@std@@QBEABVerror_category@2@XZ 1000d810 f i Audapter.obj
 0001:0000c840       ?category@error_condition@std@@QBEABVerror_category@2@XZ 1000d840 f i Audapter.obj
 0001:0000c870       ?checkParam@Parameter@@QAE?AW4paramType@1@PBD@Z 1000d870 f   Audapter.obj
 0001:0000ca90       ?close@?$basic_filebuf@DU?$char_traits@D@std@@@std@@QAEPAV12@XZ 1000da90 f i Audapter.obj
 0001:0000cb30       ?close@?$basic_fstream@DU?$char_traits@D@std@@@std@@QAEXXZ 1000db30 f i Audapter.obj
 0001:0000cba0       ?close@?$basic_ofstream@DU?$char_traits@D@std@@@std@@QAEXXZ 1000dba0 f i Audapter.obj
 0001:0000cc10       ?compare@?$basic_string@DU?$char_traits@D@std@@V?$allocator@D@2@@std@@QBEHABV12@@Z 1000dc10 f i Audapter.obj
 0001:0000cc70       ?compare@?$basic_string@DU?$char_traits@D@std@@V?$allocator@D@2@@std@@QBEHIIPBDI@Z 1000dc70 f i Audapter.obj
 0001:0000cda0       ?compare@?$char_traits@D@std@@SAHPBD0I@Z 1000dda0 f i Audapter.obj
 0001:0000ce10       ?construct@?$allocator@PBD@std@@QAEXPAPBDABQBD@Z 1000de10 f i Audapter.obj
 0001:0000ce90       ?construct@?$allocator@W4paramType@Parameter@@@std@@QAEXPAW4paramType@Parameter@@ABW434@@Z 1000de90 f i Audapter.obj
 0001:0000cf10       ?copy@?$char_traits@D@std@@SAPADPADPBDI@Z 1000df10 f i Audapter.obj
 0001:0000cf80       ?deallocate@?$_Wrap_alloc@V?$allocator@D@std@@@std@@QAEXPADI@Z 1000df80 f i Audapter.obj
 0001:0000cfd0       ?deallocate@?$_Wrap_alloc@V?$allocator@PBD@std@@@std@@QAEXPAPBDI@Z 1000dfd0 f i Audapter.obj
 0001:0000d020       ?deallocate@?$_Wrap_alloc@V?$allocator@U_Container_proxy@std@@@std@@@std@@QAEXPAU_Container_proxy@2@I@Z 1000e020 f i Audapter.obj
 0001:0000d070       ?deallocate@?$_Wrap_alloc@V?$allocator@W4paramType@Parameter@@@std@@@std@@QAEXPAW4paramType@Parameter@@I@Z 1000e070 f i Audapter.obj
 0001:0000d0c0       ?deallocate@?$allocator@D@std@@QAEXPADI@Z 1000e0c0 f i Audapter.obj
 0001:0000d110       ?deallocate@?$allocator@PBD@std@@QAEXPAPBDI@Z 1000e110 f i Audapter.obj
 0001:0000d160       ?deallocate@?$allocator@U_Container_proxy@std@@@std@@QAEXPAU_Container_proxy@2@I@Z 1000e160 f i Audapter.obj
 0001:0000d1b0       ?deallocate@?$allocator@W4paramType@Parameter@@@std@@QAEXPAW4paramType@Parameter@@I@Z 1000e1b0 f i Audapter.obj
 0001:0000d200       ?default_error_condition@_System_error_category@std@@UBE?AVerror_condition@2@H@Z 1000e200 f i Audapter.obj
 0001:0000d290       ?default_error_condition@error_category@std@@UBE?AVerror_condition@2@H@Z 1000e290 f i Audapter.obj
 0001:0000d2e0       ?detectTrans@Audapter@@AAE_NPAN0HN@Z 1000e2e0 f   Audapter.obj
 0001:0000d4d0       ?downSampSig@Audapter@@AAEXPAN0HH_N@Z 1000e4d0 f   Audapter.obj
 0001:0000d580       ?end@?$basic_string@DU?$char_traits@D@std@@V?$allocator@D@2@@std@@QAE?AV?$_String_iterator@V?$_String_val@U?$_Simple_types@D@std@@@std@@@2@XZ 1000e580 f i Audapter.obj
 0001:0000d5e0       ?eof@?$char_traits@D@std@@SAHXZ 1000e5e0 f i Audapter.obj
 0001:0000d610       ?eq@?$char_traits@D@std@@SA_NABD0@Z 1000e610 f i Audapter.obj
 0001:0000d670       ?eq_int_type@?$char_traits@D@std@@SA_NABH0@Z 1000e670 f i Audapter.obj
 0001:0000d6c0       ?equivalent@error_category@std@@UBE_NABVerror_code@2@H@Z 1000e6c0 f i Audapter.obj
 0001:0000d740       ?equivalent@error_category@std@@UBE_NHABVerror_condition@2@@Z 1000e740 f i Audapter.obj
 0001:0000d7b0       ?erase@?$basic_string@DU?$char_traits@D@std@@V?$allocator@D@2@@std@@QAEAAV12@I@Z 1000e7b0 f i Audapter.obj
 0001:0000d810       ?erase@?$basic_string@DU?$char_traits@D@std@@V?$allocator@D@2@@std@@QAEAAV12@II@Z 1000e810 f i Audapter.obj
 0001:0000d8d0       ?filter@?$IIR_Filter@N@@QAEXPAN0HN@Z 1000e8d0 f i Audapter.obj
 0001:0000da30       ?formantShiftFilter@Audapter@@AAEXPAN0000H@Z 1000ea30 f   Audapter.obj
 0001:0000dd90       ?gainAdapt@Audapter@@AAEHPAN0HH@Z 1000ed90 f   Audapter.obj
 0001:0000df30       ?gainPerturb@Audapter@@AAEHPAN0HH@Z 1000ef30 f   Audapter.obj
 0001:0000e110       ?generic_category@std@@YAABVerror_category@1@XZ 1000f110 f i Audapter.obj
 0001:0000e140       ?getDFmt@Audapter@@AAEHPAN0N@Z 1000f140 f   Audapter.obj
 0001:0000e2f0       ?getData@Audapter@@QBEPBNAAH0@Z 1000f2f0 f   Audapter.obj
 0001:0000e360       ?getGain@Audapter@@AAENPAN00H@Z 1000f360 f   Audapter.obj
 0001:0000e530       ?getOutFrameBufPS@Audapter@@QBEPBNXZ 1000f530 f   Audapter.obj
 0001:0000e570       ?getParam@Audapter@@QAEPAXPBD@Z 1000f570 f   Audapter.obj
 0001:0000e5c0       ?getSignal@Audapter@@QBEPBNAAH@Z 1000f5c0 f   Audapter.obj
 0001:0000e620       ?handleBuffer@Audapter@@QAEHPAN0H_N@Z 1000f620 f   Audapter.obj
 0001:00011580       ?handleBufferSineGen@Audapter@@QAEHPAN0H@Z 10012580 f   Audapter.obj
 0001:000116a0       ?handleBufferToneSeq@Audapter@@QAEHPAN0H@Z 100126a0 f   Audapter.obj
 0001:00011900       ?handleBufferWavePB@Audapter@@QAEHPAN0H@Z 10012900 f   Audapter.obj
 0001:000119a0       ?hz2mel@Audapter@@AAENN@Z  100129a0 f   Audapter.obj
 0001:00011a20       ?imbue@?$basic_filebuf@DU?$char_traits@D@std@@@std@@MAEXABVlocale@2@@Z 10012a20 f i Audapter.obj
 0001:00011a70       ?isabove@@YA_NABN0@Z       10012a70 f i Audapter.obj
 0001:00011ad0       ?length@?$char_traits@D@std@@SAIPBD@Z 10012ad0 f i Audapter.obj
 0001:00011b30       ?locateF2@Audapter@@AAENN@Z 10012b30 f   Audapter.obj
 0001:00011c70       ?max_size@?$_Wrap_alloc@V?$allocator@D@std@@@std@@QBEIXZ 10012c70 f i Audapter.obj
 0001:00011cc0       ?max_size@?$_Wrap_alloc@V?$allocator@PBD@std@@@std@@QBEIXZ 10012cc0 f i Audapter.obj
 0001:00011d10       ?max_size@?$_Wrap_alloc@V?$allocator@W4paramType@Parameter@@@std@@@std@@QBEIXZ 10012d10 f i Audapter.obj
 0001:00011d60       ?max_size@?$allocator@D@std@@QBEIXZ 10012d60 f i Audapter.obj
 0001:00011d90       ?max_size@?$allocator@PBD@std@@QBEIXZ 10012d90 f i Audapter.obj
 0001:00011dc0       ?max_size@?$allocator@W4paramType@Parameter@@@std@@QBEIXZ 10012dc0 f i Audapter.obj
 0001:00011df0       ?max_size@?$allocator_traits@V?$allocator@D@std@@@std@@SAIABV?$allocator@D@2@@Z 10012df0 f i Audapter.obj
 0001:00011e30       ?max_size@?$allocator_traits@V?$allocator@PBD@std@@@std@@SAIABV?$allocator@PBD@2@@Z 10012e30 f i Audapter.obj
 0001:00011e70       ?max_size@?$allocator_traits@V?$allocator@W4paramType@Parameter@@@std@@@std@@SAIABV?$allocator@W4paramType@Parameter@@@2@@Z 10012e70 f i Audapter.obj
 0001:00011eb0       ?max_size@?$basic_string@DU?$char_traits@D@std@@V?$allocator@D@2@@std@@QBEIXZ 10012eb0 f i Audapter.obj
 0001:00011f30       ?max_size@?$vector@PBDV?$allocator@PBD@std@@@std@@QBEIXZ 10012f30 f i Audapter.obj
 0001:00011f80       ?max_size@?$vector@W4paramType@Parameter@@V?$allocator@W4paramType@Parameter@@@std@@@std@@QBEIXZ 10012f80 f i Audapter.obj
 0001:00011fd0       ?mel2hz@Audapter@@AAENN@Z  10012fd0 f   Audapter.obj
 0001:00012050       ?message@_Generic_error_category@std@@UBE?AV?$basic_string@DU?$char_traits@D@std@@V?$allocator@D@2@@2@H@Z 10013050 f i Audapter.obj
 0001:000120f0       ?message@_Iostream_error_category@std@@UBE?AV?$basic_string@DU?$char_traits@D@std@@V?$allocator@D@2@@2@H@Z 100130f0 f i Audapter.obj
 0001:00012180       ?message@_System_error_category@std@@UBE?AV?$basic_string@DU?$char_traits@D@std@@V?$allocator@D@2@@2@H@Z 10013180 f i Audapter.obj
 0001:00012220       ?move@?$char_traits@D@std@@SAPADPADPBDI@Z 10013220 f i Audapter.obj
 0001:00012290       ?name@_Generic_error_category@std@@UBEPBDXZ 10013290 f i Audapter.obj
 0001:000122c0       ?name@_Iostream_error_category@std@@UBEPBDXZ 100132c0 f i Audapter.obj
 0001:000122f0       ?name@_System_error_category@std@@UBEPBDXZ 100132f0 f i Audapter.obj
 0001:00012320       ?not_eof@?$char_traits@D@std@@SAHABH@Z 10013320 f i Audapter.obj
 0001:000123a0       ?open@?$basic_filebuf@DU?$char_traits@D@std@@@std@@QAEPAV12@PBDHH@Z 100133a0 f i Audapter.obj
 0001:000124b0       ?open@?$basic_fstream@DU?$char_traits@D@std@@@std@@QAEXPBDHH@Z 100134b0 f i Audapter.obj
 0001:00012550       ?open@?$basic_ofstream@DU?$char_traits@D@std@@@std@@QAEXPBDHH@Z 10013550 f i Audapter.obj
 0001:000125f0       ?overflow@?$basic_filebuf@DU?$char_traits@D@std@@@std@@MAEHH@Z 100135f0 f i Audapter.obj
 0001:00012b30       ?overflow@?$basic_stringbuf@DU?$char_traits@D@std@@V?$allocator@D@2@@std@@MAEHH@Z 10013b30 f i Audapter.obj
 0001:00012f40       ?pbackfail@?$basic_filebuf@DU?$char_traits@D@std@@@std@@MAEHH@Z 10013f40 f i Audapter.obj
 0001:00013120       ?pbackfail@?$basic_stringbuf@DU?$char_traits@D@std@@V?$allocator@D@2@@std@@MAEHH@Z 10014120 f i Audapter.obj
 0001:00013290       ?push_back@?$vector@PBDV?$allocator@PBD@std@@@std@@QAEXABQBD@Z 10014290 f i Audapter.obj
 0001:000133d0       ?push_back@?$vector@W4paramType@Parameter@@V?$allocator@W4paramType@Parameter@@@std@@@std@@QAEXABW4paramType@Parameter@@@Z 100143d0 f i Audapter.obj
 0001:00013510       ?queryParam@Audapter@@QAEXPBDPAPAUmxArray_tag@@@Z 10014510 f   Audapter.obj
 0001:00013740       ?readOSTTab@Audapter@@QAEXH@Z 10014740 f   Audapter.obj
 0001:00013a40       ?readPertCfg@Audapter@@QAEXH@Z 10014a40 f   Audapter.obj
 0001:00013f50       ?reset@?$IIR_Filter@N@@QAEXXZ 10014f50 f i Audapter.obj
 0001:00013fc0       ?reset@Audapter@@QAEXXZ    10014fc0 f   Audapter.obj
 0001:000144e0       ?seekoff@?$basic_filebuf@DU?$char_traits@D@std@@@std@@MAE?AV?$fpos@H@2@_JHH@Z 100154e0 f i Audapter.obj
 0001:00014640       ?seekoff@?$basic_stringbuf@DU?$char_traits@D@std@@V?$allocator@D@2@@std@@MAE?AV?$fpos@H@2@_JHH@Z 10015640 f i Audapter.obj
 0001:00014a20       ?seekpos@?$basic_filebuf@DU?$char_traits@D@std@@@std@@MAE?AV?$fpos@H@2@V32@H@Z 10015a20 f i Audapter.obj
 0001:00014b90       ?seekpos@?$basic_stringbuf@DU?$char_traits@D@std@@V?$allocator@D@2@@std@@MAE?AV?$fpos@H@2@V32@H@Z 10015b90 f i Audapter.obj
 0001:00014e90       ?seekpos@?$fpos@H@std@@QBE_JXZ 10015e90 f i Audapter.obj
 0001:00014ed0       ?select_on_container_copy_construction@?$_Wrap_alloc@V?$allocator@D@std@@@std@@QBE?AU12@XZ 10015ed0 f i Audapter.obj
 0001:00014f30       ?select_on_container_copy_construction@?$allocator@D@std@@QBE?AV12@XZ 10015f30 f i Audapter.obj
 0001:00014f80       ?select_on_container_copy_construction@?$allocator_traits@V?$allocator@D@std@@@std@@SA?AV?$allocator@D@2@ABV32@@Z 10015f80 f i Audapter.obj
 0001:00014fd0       ?setCoeff@?$IIR_Filter@N@@QAEXHQBNH0@Z 10015fd0 f i Audapter.obj
 0001:000150b0       ?setGetParam@Audapter@@AAEPAX_NPBDPAXH0PAH@Z 100160b0 f   Audapter.obj
 0001:00018cf0       ?setParam@Audapter@@QAEXPBDPAXH_N@Z 10019cf0 f   Audapter.obj
 0001:00018d50       ?setbuf@?$basic_filebuf@DU?$char_traits@D@std@@@std@@MAEPAV?$basic_streambuf@DU?$char_traits@D@std@@@2@PAD_J@Z 10019d50 f i Audapter.obj
 0001:00018e00       ?sign@@YAHABN@Z            10019e00 f i Audapter.obj
 0001:00018e60       ?size@?$basic_string@DU?$char_traits@D@std@@V?$allocator@D@2@@std@@QBEIXZ 10019e60 f i Audapter.obj
 0001:00018e90       ?size@?$list@VpvocWarpAtom@@V?$allocator@VpvocWarpAtom@@@std@@@std@@QBEIXZ 10019e90 f i Audapter.obj
 0001:00018ec0       ?size@?$vector@PBDV?$allocator@PBD@std@@@std@@QBEIXZ 10019ec0 f i Audapter.obj
 0001:00018f00       ?size@?$vector@W4paramType@Parameter@@V?$allocator@W4paramType@Parameter@@@std@@@std@@QBEIXZ 10019f00 f i Audapter.obj
 0001:00018f40       ?smbFft@Audapter@@AAEXPANNH@Z 10019f40 f   Audapter.obj
 0001:00019430       ?state@?$fpos@H@std@@QBEHXZ 1001a430 f i Audapter.obj
 0001:00019460       ?str@?$basic_ostringstream@DU?$char_traits@D@std@@V?$allocator@D@2@@std@@QBE?AV?$basic_string@DU?$char_traits@D@std@@V?$allocator@D@2@@2@XZ 1001a460 f i Audapter.obj
 0001:000194d0       ?str@?$basic_stringbuf@DU?$char_traits@D@std@@V?$allocator@D@2@@std@@QBE?AV?$basic_string@DU?$char_traits@D@std@@V?$allocator@D@2@@2@XZ 1001a4d0 f i Audapter.obj
 0001:00019710       ?sync@?$basic_filebuf@DU?$char_traits@D@std@@@std@@MAEHXZ 1001a710 f i Audapter.obj
 0001:000197e0       ?system_category@std@@YAABVerror_category@1@XZ 1001a7e0 f i Audapter.obj
 0001:00019810       ?to_char_type@?$char_traits@D@std@@SADABH@Z 1001a810 f i Audapter.obj
 0001:00019840       ?to_int_type@?$char_traits@D@std@@SAHABD@Z 1001a840 f i Audapter.obj
 0001:00019870       ?uflow@?$basic_filebuf@DU?$char_traits@D@std@@@std@@MAEHXZ 1001a870 f i Audapter.obj
 0001:00019d60       ?underflow@?$basic_filebuf@DU?$char_traits@D@std@@@std@@MAEHXZ 1001ad60 f i Audapter.obj
 0001:00019e90       ?underflow@?$basic_stringbuf@DU?$char_traits@D@std@@V?$allocator@D@2@@std@@MAEHXZ 1001ae90 f i Audapter.obj
 0001:0001a040       ?upSampSig@Audapter@@AAEXAAV?$IIR_Filter@N@@PAN1HHN@Z 1001b040 f   Audapter.obj
 0001:0001a110       ?value@error_code@std@@QBEHXZ 1001b110 f i Audapter.obj
 0001:0001a140       ?value@error_condition@std@@QBEHXZ 1001b140 f i Audapter.obj
 0001:0001a170       ?writeSignalsToWavFile@Audapter@@QAEXXZ 1001b170 f   Audapter.obj
 0001:0001a830       _hypot                     1001b830 f i Audapter.obj
 0001:0001a890       ?DSPF_dp_autocor@@YAXPAN0ABH1@Z 1001b890 f   DSPF.obj
 0001:0001a940       ?DSPF_dp_blk_move@@YAXPBNPANH@Z 1001b940 f   DSPF.obj
 0001:0001a9a0       ?DSPF_dp_cfftr2@@YAXHPAN0H@Z 1001b9a0 f   DSPF.obj
 0001:0001ab90       ?DSPF_dp_fir_gen@@YAXPBN0PANHH@Z 1001bb90 f   DSPF.obj
 0001:0001ac30       ?DSPF_dp_icfftr2@@YAXHPAN0H@Z 1001bc30 f   DSPF.obj
 0001:0001ae20       ?DSPF_dp_maxval@@YANPBNABH@Z 1001be20 f   DSPF.obj
 0001:0001aea0       ?DSPF_dp_vecmul@@YAXPBN0PANABH@Z 1001bea0 f   DSPF.obj
 0001:0001af10       ?DSPF_dp_vecsum_sq@@YANPBNH@Z 1001bf10 f   DSPF.obj
 0001:0001af90       ?bit_rev@@YAXPANH@Z        1001bf90 f   DSPF.obj
 0001:0001b0a0       ?gen_w_r2@@YAXPANH@Z       1001c0a0 f   DSPF.obj
 0001:0001b1d0       ??0LPFormantTracker@@QAE@HHHHHHNNNNN_NH@Z 1001c1d0 f   lpc_formant.obj
 0001:0001b720       ??1LPFormantTracker@@QAE@XZ 1001c720 f   lpc_formant.obj
 0001:0001baa0       ?genHanningWindow@LPFormantTracker@@AAEXXZ 1001caa0 f   lpc_formant.obj
 0001:0001bba0       ?getAi@LPFormantTracker@@AAEXPAN0@Z 1001cba0 f   lpc_formant.obj
 0001:0001c1b0       ?getNLPC@LPFormantTracker@@QBE?BHXZ 1001d1b0 f   lpc_formant.obj
 0001:0001c1e0       ?getRPhiBw@LPFormantTracker@@AAEXPAN0000@Z 1001d1e0 f   lpc_formant.obj
 0001:0001c6c0       ?hqr_roots@LPFormantTracker@@AAEHPAN00@Z 1001d6c0 f   lpc_formant.obj
 0001:0001de10       ?imax@@YAHABH0@Z           1001ee10 f i lpc_formant.obj
 0001:0001de60       ?levinson@LPFormantTracker@@AAEXPAN0H@Z 1001ee60 f   lpc_formant.obj
 0001:0001e0a0       ?mul_sign@@YANABN0@Z       1001f0a0 f i lpc_formant.obj
 0001:0001e140       ?mwa@LPFormantTracker@@AAEHPAN00@Z 1001f140 f   lpc_formant.obj
 0001:0001e3e0       ?postSupraThreshReset@LPFormantTracker@@QAEXXZ 1001f3e0 f   lpc_formant.obj
 0001:0001e570       ?procFrame@LPFormantTracker@@QAEXPANN0000@Z 1001f570 f   lpc_formant.obj
 0001:0001e730       ?reset@LPFormantTracker@@QAEXXZ 1001f730 f   lpc_formant.obj
 0001:0001e970       ?setBCepsLift@LPFormantTracker@@QAEX_N@Z 1001f970 f   lpc_formant.obj
 0001:0001e9b0       ?setBufferSize@LPFormantTracker@@QAEXH@Z 1001f9b0 f   lpc_formant.obj
 0001:0001e9f0       ?setCepsWinWidth@LPFormantTracker@@QAEXH@Z 1001f9f0 f   lpc_formant.obj
 0001:0001ea30       ?setNFFT@LPFormantTracker@@QAEXH@Z 1001fa30 f   lpc_formant.obj
 0001:0001ea70       ?setNLPC@LPFormantTracker@@QAEXH@Z 1001fa70 f   lpc_formant.obj
 0001:0001eab0       ?trackPhi@LPFormantTracker@@AAEXPAN0@Z 1001fab0 f   lpc_formant.obj
 0001:0001f250       ??0?$basic_fstream@DU?$char_traits@D@std@@@std@@QAE@PBDHH@Z 10020250 f i mexLibrary.obj
 0001:0001f3b0       ??0?$basic_ofstream@DU?$char_traits@D@std@@@std@@QAE@PBDHH@Z 100203b0 f i mexLibrary.obj
 0001:0001f500       ??A?$vector@UAudioDeviceInfo@@V?$allocator@UAudioDeviceInfo@@@std@@@std@@QAEAAUAudioDeviceInfo@@I@Z 10020500 f i mexLibrary.obj
 0001:0001f5e0       ?getActionNum@@YAHHPAPADPAHPAD@Z 100205e0 f   mexLibrary.obj
 0001:0001f660       ?getMaxDataSize@Audapter@@QBE?BHXZ 10020660 f i mexLibrary.obj
 0001:0001f690       ?getMaxPBSize@Audapter@@QBE?BHXZ 10020690 f i mexLibrary.obj
 0001:0001f6c0       ?getMaxRecSize@Audapter@@QBE?BHXZ 100206c0 f i mexLibrary.obj
 0001:0001f6f0       ?printHelp@@YAXXZ          100206f0 f   mexLibrary.obj
 0001:0001f850       ?size@?$vector@UAudioDeviceInfo@@V?$allocator@UAudioDeviceInfo@@@std@@@std@@QBEIXZ 10020850 f i mexLibrary.obj
 0001:0001f890       _mexFunction               10020890 f   mexLibrary.obj
 0001:00021250       ??$?0$$QAV?$basic_string@DU?$char_traits@D@std@@V?$allocator@D@2@@std@@$$$V@?$pair@$$CBV?$basic_string@DU?$char_traits@D@std@@V?$allocator@D@2@@std@@H@std@@QAE@Upiecewise_construct_t@1@V?$tuple@$$QAV?$basic_string@DU?$char_traits@D@std@@V?$allocator@D@2@@std@@@1@V?$tuple@$$$V@1@@Z 10022250 f i ost.obj
 0001:000212c0       ??$?0$$QAV?$basic_string@DU?$char_traits@D@std@@V?$allocator@D@2@@std@@PAPAX@?$tuple@$$QAV?$basic_string@DU?$char_traits@D@std@@V?$allocator@D@2@@std@@@std@@QAE@$$QAV01@@Z 100222c0 f i ost.obj
 0001:00021330       ??$?0AAV?$_Tree_iterator@V?$_Tree_val@U?$_Tree_simple_types@U?$pair@$$CBV?$basic_string@DU?$char_traits@D@std@@V?$allocator@D@2@@std@@H@std@@@std@@@std@@@std@@_NX@?$pair@V?$_Tree_iterator@V?$_Tree_val@U?$_Tree_simple_types@U?$pair@$$CBV?$basic_string@DU?$char_traits@D@std@@V?$allocator@D@2@@std@@H@std@@@std@@@std@@@std@@_N@std@@QAE@AAV?$_Tree_iterator@V?$_Tree_val@U?$_Tree_simple_types@U?$pair@$$CBV?$basic_string@DU?$char_traits@D@std@@V?$allocator@D@2@@std@@H@std@@@std@@@std@@@1@$$QA_N@Z 10022330 f i ost.obj
 0001:000213d0       ??$?0U?$_Tree_node@U?$pair@$$CBV?$basic_string@DU?$char_traits@D@std@@V?$allocator@D@2@@std@@H@std@@PAX@std@@@?$allocator@U_Container_proxy@std@@@std@@QAE@ABV?$allocator@U?$_Tree_node@U?$pair@$$CBV?$basic_string@DU?$char_traits@D@std@@V?$allocator@D@2@@std@@H@std@@PAX@std@@@1@@Z 100223d0 f i ost.obj
 0001:00021400       ??$?0U?$_Wrap_alloc@V?$allocator@U?$_Tree_node@U?$pair@$$CBV?$basic_string@DU?$char_traits@D@std@@V?$allocator@D@2@@std@@H@std@@PAX@std@@@std@@@std@@@?$_Wrap_alloc@V?$allocator@U_Container_proxy@std@@@std@@@std@@QAE@ABU?$_Wrap_alloc@V?$allocator@U?$_Tree_node@U?$pair@$$CBV?$basic_string@DU?$char_traits@D@std@@V?$allocator@D@2@@std@@H@std@@PAX@std@@@std@@@1@@Z 10022400 f i ost.obj
 0001:00021450       ??$?0V?$_Tree_iterator@V?$_Tree_val@U?$_Tree_simple_types@U?$pair@$$CBV?$basic_string@DU?$char_traits@D@std@@V?$allocator@D@2@@std@@H@std@@@std@@@std@@@std@@_NX@?$pair@V?$_Tree_iterator@V?$_Tree_val@U?$_Tree_simple_types@U?$pair@$$CBV?$basic_string@DU?$char_traits@D@std@@V?$allocator@D@2@@std@@H@std@@@std@@@std@@@std@@_N@std@@QAE@$$QAV?$_Tree_iterator@V?$_Tree_val@U?$_Tree_simple_types@U?$pair@$$CBV?$basic_string@DU?$char_traits@D@std@@V?$allocator@D@2@@std@@H@std@@@std@@@std@@@1@$$QA_N@Z 10022450 f i ost.obj
 0001:000214f0       ??$?0V?$basic_string@DU?$char_traits@D@std@@V?$allocator@D@2@@std@@$$$VPAPAX@?$tuple@$$QAV?$basic_string@DU?$char_traits@D@std@@V?$allocator@D@2@@std@@@std@@QAE@$$QAV?$basic_string@DU?$char_traits@D@std@@V?$allocator@D@2@@1@@Z 100224f0 f i ost.obj
 0001:00021550       ??$?0V?$basic_string@DU?$char_traits@D@std@@V?$allocator@D@2@@std@@@?$_Tuple_val@$$QAV?$basic_string@DU?$char_traits@D@std@@V?$allocator@D@2@@std@@@std@@QAE@$$QAV?$basic_string@DU?$char_traits@D@std@@V?$allocator@D@2@@1@@Z 10022550 f i ost.obj
 0001:000215a0       ??$?0V?$tuple@$$QAV?$basic_string@DU?$char_traits@D@std@@V?$allocator@D@2@@std@@@std@@V?$tuple@$$$V@1@$0A@$S@?$pair@$$CBV?$basic_string@DU?$char_traits@D@std@@V?$allocator@D@2@@std@@H@std@@QAE@AAV?$tuple@$$QAV?$basic_string@DU?$char_traits@D@std@@V?$allocator@D@2@@std@@@1@AAV?$tuple@$$$V@1@U?$_Arg_idx@$0A@@1@U?$_Arg_idx@$S@1@@Z 100225a0 f i ost.obj
 0001:00021610       ??$?8V?$_Vector_iterator@V?$_Vector_val@U?$_Simple_types@V?$basic_string@DU?$char_traits@D@std@@V?$allocator@D@2@@std@@@std@@@std@@@std@@V01@@std@@YA_NABV?$move_iterator@V?$_Vector_iterator@V?$_Vector_val@U?$_Simple_types@V?$basic_string@DU?$char_traits@D@std@@V?$allocator@D@2@@std@@@std@@@std@@@std@@@0@0@Z 10022610 f i ost.obj
 0001:00021650       ??$?8V?$basic_string@DU?$char_traits@D@std@@V?$allocator@D@2@@std@@V01@@std@@YA_NABV?$allocator@V?$basic_string@DU?$char_traits@D@std@@V?$allocator@D@2@@std@@@0@0@Z 10022650 f i ost.obj
 0001:00021680       ??$?9DU?$char_traits@D@std@@V?$allocator@D@1@@std@@YA_NABV?$basic_string@DU?$char_traits@D@std@@V?$allocator@D@2@@0@0@Z 10022680 f i ost.obj
 0001:000216f0       ??$?9V?$_Vector_iterator@V?$_Vector_val@U?$_Simple_types@V?$basic_string@DU?$char_traits@D@std@@V?$allocator@D@2@@std@@@std@@@std@@@std@@V01@@std@@YA_NABV?$move_iterator@V?$_Vector_iterator@V?$_Vector_val@U?$_Simple_types@V?$basic_string@DU?$char_traits@D@std@@V?$allocator@D@2@@std@@@std@@@std@@@std@@@0@0@Z 100226f0 f i ost.obj
 0001:00021760       ??$?GV?$_Vector_iterator@V?$_Vector_val@U?$_Simple_types@V?$basic_string@DU?$char_traits@D@std@@V?$allocator@D@2@@std@@@std@@@std@@@std@@V01@@std@@YAHAAV?$move_iterator@V?$_Vector_iterator@V?$_Vector_val@U?$_Simple_types@V?$basic_string@DU?$char_traits@D@std@@V?$allocator@D@2@@std@@@std@@@std@@@std@@@0@ABV10@@Z 10022760 f i ost.obj
 0001:00021850       ??$?MDU?$char_traits@D@std@@V?$allocator@D@1@@std@@YA_NABV?$basic_string@DU?$char_traits@D@std@@V?$allocator@D@2@@0@0@Z 10022850 f i ost.obj
 0001:000218b0       ??$?MV?$_Vector_iterator@V?$_Vector_val@U?$_Simple_types@V?$basic_string@DU?$char_traits@D@std@@V?$allocator@D@2@@std@@@std@@@std@@@std@@V01@@std@@YA_NABV?$move_iterator@V?$_Vector_iterator@V?$_Vector_val@U?$_Simple_types@V?$basic_string@DU?$char_traits@D@std@@V?$allocator@D@2@@std@@@std@@@std@@@std@@@0@0@Z 100228b0 f i ost.obj
 0001:000218f0       ??$_Allocate@U?$_List_node@V?$basic_string@DU?$char_traits@D@std@@V?$allocator@D@2@@std@@PAX@std@@@std@@YAPAU?$_List_node@V?$basic_string@DU?$char_traits@D@std@@V?$allocator@D@2@@std@@PAX@0@IPAU10@@Z 100228f0 f i ost.obj
 0001:00021970       ??$_Allocate@U?$_Tree_node@U?$pair@$$CBV?$basic_string@DU?$char_traits@D@std@@V?$allocator@D@2@@std@@H@std@@PAX@std@@@std@@YAPAU?$_Tree_node@U?$pair@$$CBV?$basic_string@DU?$char_traits@D@std@@V?$allocator@D@2@@std@@H@std@@PAX@0@IPAU10@@Z 10022970 f i ost.obj
 0001:000219f0       ??$_Allocate@V?$basic_string@DU?$char_traits@D@std@@V?$allocator@D@2@@std@@@std@@YAPAV?$basic_string@DU?$char_traits@D@std@@V?$allocator@D@2@@0@IPAV10@@Z 100229f0 f i ost.obj
 0001:00021a70       ??$_Buynode@ABUpiecewise_construct_t@std@@V?$tuple@$$QAV?$basic_string@DU?$char_traits@D@std@@V?$allocator@D@2@@std@@@2@V?$tuple@$$$V@2@@?$_Tree_buy@U?$pair@$$CBV?$basic_string@DU?$char_traits@D@std@@V?$allocator@D@2@@std@@H@std@@V?$allocator@U?$pair@$$CBV?$basic_string@DU?$char_traits@D@std@@V?$allocator@D@2@@std@@H@std@@@2@@std@@QAEPAU?$_Tree_node@U?$pair@$$CBV?$basic_string@DU?$char_traits@D@std@@V?$allocator@D@2@@std@@H@std@@PAX@1@ABUpiecewise_construct_t@1@$$QAV?$tuple@$$QAV?$basic_string@DU?$char_traits@D@std@@V?$allocator@D@2@@std@@@1@$$QAV?$tuple@$$$V@1@@Z 10022a70 f i ost.obj
 0001:00021bd0       ??$_Buynode@ABV?$basic_string@DU?$char_traits@D@std@@V?$allocator@D@2@@std@@@?$_List_buy@V?$basic_string@DU?$char_traits@D@std@@V?$allocator@D@2@@std@@V?$allocator@V?$basic_string@DU?$char_traits@D@std@@V?$allocator@D@2@@std@@@2@@std@@QAEPAU?$_List_node@V?$basic_string@DU?$char_traits@D@std@@V?$allocator@D@2@@std@@PAX@1@PAU21@0ABV?$basic_string@DU?$char_traits@D@std@@V?$allocator@D@2@@1@@Z 10022bd0 f i ost.obj
 0001:00021cf0       ??$_Buynode_if_nil@AAU?$pair@$$CBV?$basic_string@DU?$char_traits@D@std@@V?$allocator@D@2@@std@@H@std@@@?$_Tree@V?$_Tmap_traits@V?$basic_string@DU?$char_traits@D@std@@V?$allocator@D@2@@std@@HU?$less@V?$basic_string@DU?$char_traits@D@std@@V?$allocator@D@2@@std@@@2@V?$allocator@U?$pair@$$CBV?$basic_string@DU?$char_traits@D@std@@V?$allocator@D@2@@std@@H@std@@@2@$0A@@std@@@std@@IAEPAU?$_Tree_node@U?$pair@$$CBV?$basic_string@DU?$char_traits@D@std@@V?$allocator@D@2@@std@@H@std@@PAX@1@PAU21@AAU?$pair@$$CBV?$basic_string@DU?$char_traits@D@std@@V?$allocator@D@2@@std@@H@1@@Z 10022cf0 f i ost.obj
 0001:00021d20       ??$_Construct@V?$move_iterator@V?$_Vector_iterator@V?$_Vector_val@U?$_Simple_types@V?$basic_string@DU?$char_traits@D@std@@V?$allocator@D@2@@std@@@std@@@std@@@std@@@std@@@?$vector@V?$basic_string@DU?$char_traits@D@std@@V?$allocator@D@2@@std@@V?$allocator@V?$basic_string@DU?$char_traits@D@std@@V?$allocator@D@2@@std@@@2@@std@@QAEXV?$move_iterator@V?$_Vector_iterator@V?$_Vector_val@U?$_Simple_types@V?$basic_string@DU?$char_traits@D@std@@V?$allocator@D@2@@std@@@std@@@std@@@std@@@1@0@Z 10022d20 f i ost.obj
 0001:00021e20       ??$_Construct@V?$move_iterator@V?$_Vector_iterator@V?$_Vector_val@U?$_Simple_types@V?$basic_string@DU?$char_traits@D@std@@V?$allocator@D@2@@std@@@std@@@std@@@std@@@std@@@?$vector@V?$basic_string@DU?$char_traits@D@std@@V?$allocator@D@2@@std@@V?$allocator@V?$basic_string@DU?$char_traits@D@std@@V?$allocator@D@2@@std@@@2@@std@@QAEXV?$move_iterator@V?$_Vector_iterator@V?$_Vector_val@U?$_Simple_types@V?$basic_string@DU?$char_traits@D@std@@V?$allocator@D@2@@std@@@std@@@std@@@std@@@1@0Uforward_iterator_tag@1@@Z 10022e20 f i ost.obj
 0001:00021fb0       ??$_Debug_lt_pred@U?$less@V?$basic_string@DU?$char_traits@D@std@@V?$allocator@D@2@@std@@@std@@ABV?$basic_string@DU?$char_traits@D@std@@V?$allocator@D@2@@2@ABV32@@std@@YA_NU?$less@V?$basic_string@DU?$char_traits@D@std@@V?$allocator@D@2@@std@@@0@ABV?$basic_string@DU?$char_traits@D@std@@V?$allocator@D@2@@0@1PB_WI@Z 10022fb0 f i ost.obj
 0001:00022060       ??$_Debug_pointer@V?$basic_string@DU?$char_traits@D@std@@V?$allocator@D@2@@std@@@std@@YAXPAV?$basic_string@DU?$char_traits@D@std@@V?$allocator@D@2@@0@PB_WI@Z 10023060 f i ost.obj
 0001:000220c0       ??$_Debug_pointer@V?$move_iterator@V?$_Vector_iterator@V?$_Vector_val@U?$_Simple_types@V?$basic_string@DU?$char_traits@D@std@@V?$allocator@D@2@@std@@@std@@@std@@@std@@@std@@@std@@YAXAAV?$move_iterator@V?$_Vector_iterator@V?$_Vector_val@U?$_Simple_types@V?$basic_string@DU?$char_traits@D@std@@V?$allocator@D@2@@std@@@std@@@std@@@std@@@0@PB_WI@Z 100230c0 f i ost.obj
 0001:000220f0       ??$_Debug_range2@V?$move_iterator@V?$_Vector_iterator@V?$_Vector_val@U?$_Simple_types@V?$basic_string@DU?$char_traits@D@std@@V?$allocator@D@2@@std@@@std@@@std@@@std@@@std@@@std@@YAXV?$move_iterator@V?$_Vector_iterator@V?$_Vector_val@U?$_Simple_types@V?$basic_string@DU?$char_traits@D@std@@V?$allocator@D@2@@std@@@std@@@std@@@std@@@0@0PB_WIUrandom_access_iterator_tag@0@@Z 100230f0 f i ost.obj
 0001:000221f0       ??$_Debug_range@V?$move_iterator@V?$_Vector_iterator@V?$_Vector_val@U?$_Simple_types@V?$basic_string@DU?$char_traits@D@std@@V?$allocator@D@2@@std@@@std@@@std@@@std@@@std@@@std@@YAXV?$move_iterator@V?$_Vector_iterator@V?$_Vector_val@U?$_Simple_types@V?$basic_string@DU?$char_traits@D@std@@V?$allocator@D@2@@std@@@std@@@std@@@std@@@0@0PB_WI@Z 100231f0 f i ost.obj
 0001:000222e0       ??$_Destroy_range@U?$_Wrap_alloc@V?$allocator@V?$basic_string@DU?$char_traits@D@std@@V?$allocator@D@2@@std@@@std@@@std@@@std@@YAXPAV?$basic_string@DU?$char_traits@D@std@@V?$allocator@D@2@@0@0AAU?$_Wrap_alloc@V?$allocator@V?$basic_string@DU?$char_traits@D@std@@V?$allocator@D@2@@std@@@std@@@0@@Z 100232e0 f i ost.obj
 0001:00022350       ??$_Destroy_range@U?$_Wrap_alloc@V?$allocator@V?$basic_string@DU?$char_traits@D@std@@V?$allocator@D@2@@std@@@std@@@std@@@std@@YAXPAV?$basic_string@DU?$char_traits@D@std@@V?$allocator@D@2@@0@0AAU?$_Wrap_alloc@V?$allocator@V?$basic_string@DU?$char_traits@D@std@@V?$allocator@D@2@@std@@@std@@@0@U_Nonscalar_ptr_iterator_tag@0@@Z 10023350 f i ost.obj
 0001:000223b0       ??$_Distance2@V?$move_iterator@V?$_Vector_iterator@V?$_Vector_val@U?$_Simple_types@V?$basic_string@DU?$char_traits@D@std@@V?$allocator@D@2@@std@@@std@@@std@@@std@@@std@@H@std@@YAXV?$move_iterator@V?$_Vector_iterator@V?$_Vector_val@U?$_Simple_types@V?$basic_string@DU?$char_traits@D@std@@V?$allocator@D@2@@std@@@std@@@std@@@std@@@0@0AAHUrandom_access_iterator_tag@0@@Z 100233b0 f i ost.obj
 0001:00022490       ??$_Equal@V?$_Vector_iterator@V?$_Vector_val@U?$_Simple_types@V?$basic_string@DU?$char_traits@D@std@@V?$allocator@D@2@@std@@@std@@@std@@@std@@@?$move_iterator@V?$_Vector_iterator@V?$_Vector_val@U?$_Simple_types@V?$basic_string@DU?$char_traits@D@std@@V?$allocator@D@2@@std@@@std@@@std@@@std@@@std@@QBE_NABV01@@Z 10023490 f i ost.obj
 0001:00022550       ??$_Insert@ABV?$basic_string@DU?$char_traits@D@std@@V?$allocator@D@2@@std@@@?$list@V?$basic_string@DU?$char_traits@D@std@@V?$allocator@D@2@@std@@V?$allocator@V?$basic_string@DU?$char_traits@D@std@@V?$allocator@D@2@@std@@@2@@std@@QAEXV?$_List_unchecked_const_iterator@V?$_List_val@U?$_List_simple_types@V?$basic_string@DU?$char_traits@D@std@@V?$allocator@D@2@@std@@@std@@@std@@U_Iterator_base0@2@@1@ABV?$basic_string@DU?$char_traits@D@std@@V?$allocator@D@2@@1@@Z 10023550 f i ost.obj
 0001:00022600       ??$_Insert_at@AAU?$pair@$$CBV?$basic_string@DU?$char_traits@D@std@@V?$allocator@D@2@@std@@H@std@@PAU?$_Tree_node@U?$pair@$$CBV?$basic_string@DU?$char_traits@D@std@@V?$allocator@D@2@@std@@H@std@@PAX@2@@?$_Tree@V?$_Tmap_traits@V?$basic_string@DU?$char_traits@D@std@@V?$allocator@D@2@@std@@HU?$less@V?$basic_string@DU?$char_traits@D@std@@V?$allocator@D@2@@std@@@2@V?$allocator@U?$pair@$$CBV?$basic_string@DU?$char_traits@D@std@@V?$allocator@D@2@@std@@H@std@@@2@$0A@@std@@@std@@IAE?AV?$_Tree_iterator@V?$_Tree_val@U?$_Tree_simple_types@U?$pair@$$CBV?$basic_string@DU?$char_traits@D@std@@V?$allocator@D@2@@std@@H@std@@@std@@@std@@@1@_NPAU?$_Tree_node@U?$pair@$$CBV?$basic_string@DU?$char_traits@D@std@@V?$allocator@D@2@@std@@H@std@@PAX@1@AAU?$pair@$$CBV?$basic_string@DU?$char_traits@D@std@@V?$allocator@D@2@@std@@H@1@1@Z 10023600 f i ost.obj
 0001:00022a70       ??$_Insert_hint@AAU?$pair@$$CBV?$basic_string@DU?$char_traits@D@std@@V?$allocator@D@2@@std@@H@std@@PAU?$_Tree_node@U?$pair@$$CBV?$basic_string@DU?$char_traits@D@std@@V?$allocator@D@2@@std@@H@std@@PAX@2@@?$_Tree@V?$_Tmap_traits@V?$basic_string@DU?$char_traits@D@std@@V?$allocator@D@2@@std@@HU?$less@V?$basic_string@DU?$char_traits@D@std@@V?$allocator@D@2@@std@@@2@V?$allocator@U?$pair@$$CBV?$basic_string@DU?$char_traits@D@std@@V?$allocator@D@2@@std@@H@std@@@2@$0A@@std@@@std@@IAE?AV?$_Tree_iterator@V?$_Tree_val@U?$_Tree_simple_types@U?$pair@$$CBV?$basic_string@DU?$char_traits@D@std@@V?$allocator@D@2@@std@@H@std@@@std@@@std@@@1@V?$_Tree_const_iterator@V?$_Tree_val@U?$_Tree_simple_types@U?$pair@$$CBV?$basic_string@DU?$char_traits@D@std@@V?$allocator@D@2@@std@@H@std@@@std@@@std@@@1@AAU?$pair@$$CBV?$basic_string@DU?$char_traits@D@std@@V?$allocator@D@2@@std@@H@1@PAU?$_Tree_node@U?$pair@$$CBV?$basic_string@DU?$char_traits@D@std@@V?$allocator@D@2@@std@@H@std@@PAX@1@@Z 10023a70 f i ost.obj
 0001:00023d20       ??$_Insert_nohint@AAU?$pair@$$CBV?$basic_string@DU?$char_traits@D@std@@V?$allocator@D@2@@std@@H@std@@PAU?$_Tree_node@U?$pair@$$CBV?$basic_string@DU?$char_traits@D@std@@V?$allocator@D@2@@std@@H@std@@PAX@2@@?$_Tree@V?$_Tmap_traits@V?$basic_string@DU?$char_traits@D@std@@V?$allocator@D@2@@std@@HU?$less@V?$basic_string@DU?$char_traits@D@std@@V?$allocator@D@2@@std@@@2@V?$allocator@U?$pair@$$CBV?$basic_string@DU?$char_traits@D@std@@V?$allocator@D@2@@std@@H@std@@@2@$0A@@std@@@std@@IAE?AU?$pair@V?$_Tree_iterator@V?$_Tree_val@U?$_Tree_simple_types@U?$pair@$$CBV?$basic_string@DU?$char_traits@D@std@@V?$allocator@D@2@@std@@H@std@@@std@@@std@@@std@@_N@1@_NAAU?$pair@$$CBV?$basic_string@DU?$char_traits@D@std@@V?$allocator@D@2@@std@@H@1@PAU?$_Tree_node@U?$pair@$$CBV?$basic_string@DU?$char_traits@D@std@@V?$allocator@D@2@@std@@H@std@@PAX@1@@Z 10024d20 f i ost.obj
 0001:000242f0       ??$_Iter_cat@V?$move_iterator@V?$_Vector_iterator@V?$_Vector_val@U?$_Simple_types@V?$basic_string@DU?$char_traits@D@std@@V?$allocator@D@2@@std@@@std@@@std@@@std@@@std@@@std@@YA?AUrandom_access_iterator_tag@0@ABV?$move_iterator@V?$_Vector_iterator@V?$_Vector_val@U?$_Simple_types@V?$basic_string@DU?$char_traits@D@std@@V?$allocator@D@2@@std@@@std@@@std@@@std@@@0@@Z 100252f0 f i ost.obj
 0001:00024350       ??$_Kfn@$$CBV?$basic_string@DU?$char_traits@D@std@@V?$allocator@D@2@@std@@H@?$_Tmap_traits@V?$basic_string@DU?$char_traits@D@std@@V?$allocator@D@2@@std@@HU?$less@V?$basic_string@DU?$char_traits@D@std@@V?$allocator@D@2@@std@@@2@V?$allocator@U?$pair@$$CBV?$basic_string@DU?$char_traits@D@std@@V?$allocator@D@2@@std@@H@std@@@2@$0A@@std@@SAABV?$basic_string@DU?$char_traits@D@std@@V?$allocator@D@2@@1@ABU?$pair@$$CBV?$basic_string@DU?$char_traits@D@std@@V?$allocator@D@2@@std@@H@1@@Z 10025350 f i ost.obj
 0001:00024380       ??$_Less@V?$_Vector_iterator@V?$_Vector_val@U?$_Simple_types@V?$basic_string@DU?$char_traits@D@std@@V?$allocator@D@2@@std@@@std@@@std@@@std@@@?$move_iterator@V?$_Vector_iterator@V?$_Vector_val@U?$_Simple_types@V?$basic_string@DU?$char_traits@D@std@@V?$allocator@D@2@@std@@@std@@@std@@@std@@@std@@QBE_NABV01@@Z 10025380 f i ost.obj
 0001:00024440       ??$_Move@AAD@std@@YA$$QADAAD@Z 10025440 f i ost.obj
 0001:00024470       ??$_Ptr_cat@V?$basic_string@DU?$char_traits@D@std@@V?$allocator@D@2@@std@@V12@@std@@YA?AU_Nonscalar_ptr_iterator_tag@0@PAV?$basic_string@DU?$char_traits@D@std@@V?$allocator@D@2@@0@0@Z 10025470 f i ost.obj
 0001:000244d0       ??$_Ptr_cat@V?$move_iterator@V?$_Vector_iterator@V?$_Vector_val@U?$_Simple_types@V?$basic_string@DU?$char_traits@D@std@@V?$allocator@D@2@@std@@@std@@@std@@@std@@@std@@PAV?$basic_string@DU?$char_traits@D@std@@V?$allocator@D@2@@2@@std@@YA?AU_Nonscalar_ptr_iterator_tag@0@AAV?$move_iterator@V?$_Vector_iterator@V?$_Vector_val@U?$_Simple_types@V?$basic_string@DU?$char_traits@D@std@@V?$allocator@D@2@@std@@@std@@@std@@@std@@@0@AAPAV?$basic_string@DU?$char_traits@D@std@@V?$allocator@D@2@@0@@Z 100254d0 f i ost.obj
 0001:00024530       ??$_Rechecked@PAV?$basic_string@DU?$char_traits@D@std@@V?$allocator@D@2@@std@@PAV12@@std@@YAAAPAV?$basic_string@DU?$char_traits@D@std@@V?$allocator@D@2@@0@AAPAV10@PAV10@@Z 10025530 f i ost.obj
 0001:00024560       ??$_Ucopy@V?$move_iterator@V?$_Vector_iterator@V?$_Vector_val@U?$_Simple_types@V?$basic_string@DU?$char_traits@D@std@@V?$allocator@D@2@@std@@@std@@@std@@@std@@@std@@@?$vector@V?$basic_string@DU?$char_traits@D@std@@V?$allocator@D@2@@std@@V?$allocator@V?$basic_string@DU?$char_traits@D@std@@V?$allocator@D@2@@std@@@2@@std@@IAEPAV?$basic_string@DU?$char_traits@D@std@@V?$allocator@D@2@@1@V?$move_iterator@V?$_Vector_iterator@V?$_Vector_val@U?$_Simple_types@V?$basic_string@DU?$char_traits@D@std@@V?$allocator@D@2@@std@@@std@@@std@@@std@@@1@0PAV21@@Z 10025560 f i ost.obj
 0001:00024690       ??$_Unchecked@PAV?$basic_string@DU?$char_traits@D@std@@V?$allocator@D@2@@std@@@std@@YAPAV?$basic_string@DU?$char_traits@D@std@@V?$allocator@D@2@@0@PAV10@@Z 10025690 f i ost.obj
 0001:000246c0       ??$_Unchecked@V?$move_iterator@V?$_Vector_iterator@V?$_Vector_val@U?$_Simple_types@V?$basic_string@DU?$char_traits@D@std@@V?$allocator@D@2@@std@@@std@@@std@@@std@@@std@@@std@@YA?AV?$move_iterator@V?$_Vector_iterator@V?$_Vector_val@U?$_Simple_types@V?$basic_string@DU?$char_traits@D@std@@V?$allocator@D@2@@std@@@std@@@std@@@std@@@0@V10@@Z 100256c0 f i ost.obj
 0001:00024760       ??$_Uninit_copy@V?$move_iterator@V?$_Vector_iterator@V?$_Vector_val@U?$_Simple_types@V?$basic_string@DU?$char_traits@D@std@@V?$allocator@D@2@@std@@@std@@@std@@@std@@@std@@PAV?$basic_string@DU?$char_traits@D@std@@V?$allocator@D@2@@2@U?$_Wrap_alloc@V?$allocator@V?$basic_string@DU?$char_traits@D@std@@V?$allocator@D@2@@std@@@std@@@2@@std@@YAPAV?$basic_string@DU?$char_traits@D@std@@V?$allocator@D@2@@0@V?$move_iterator@V?$_Vector_iterator@V?$_Vector_val@U?$_Simple_types@V?$basic_string@DU?$char_traits@D@std@@V?$allocator@D@2@@std@@@std@@@std@@@std@@@0@0PAV10@AAU?$_Wrap_alloc@V?$allocator@V?$basic_string@DU?$char_traits@D@std@@V?$allocator@D@2@@std@@@std@@@0@@Z 10025760 f i ost.obj
 0001:00024870       ??$_Uninit_copy@V?$move_iterator@V?$_Vector_iterator@V?$_Vector_val@U?$_Simple_types@V?$basic_string@DU?$char_traits@D@std@@V?$allocator@D@2@@std@@@std@@@std@@@std@@@std@@PAV?$basic_string@DU?$char_traits@D@std@@V?$allocator@D@2@@2@V?$allocator@V?$basic_string@DU?$char_traits@D@std@@V?$allocator@D@2@@std@@@2@@std@@YAPAV?$basic_string@DU?$char_traits@D@std@@V?$allocator@D@2@@0@V?$move_iterator@V?$_Vector_iterator@V?$_Vector_val@U?$_Simple_types@V?$basic_string@DU?$char_traits@D@std@@V?$allocator@D@2@@std@@@std@@@std@@@std@@@0@0PAV10@AAU?$_Wrap_alloc@V?$allocator@V?$basic_string@DU?$char_traits@D@std@@V?$allocator@D@2@@std@@@std@@@0@U_Nonscalar_ptr_iterator_tag@0@@Z 10025870 f i ost.obj
 0001:00024a20       ??$_Uninitialized_copy@V?$move_iterator@V?$_Vector_iterator@V?$_Vector_val@U?$_Simple_types@V?$basic_string@DU?$char_traits@D@std@@V?$allocator@D@2@@std@@@std@@@std@@@std@@@std@@PAV?$basic_string@DU?$char_traits@D@std@@V?$allocator@D@2@@2@U?$_Wrap_alloc@V?$allocator@V?$basic_string@DU?$char_traits@D@std@@V?$allocator@D@2@@std@@@std@@@2@@std@@YAPAV?$basic_string@DU?$char_traits@D@std@@V?$allocator@D@2@@0@V?$move_iterator@V?$_Vector_iterator@V?$_Vector_val@U?$_Simple_types@V?$basic_string@DU?$char_traits@D@std@@V?$allocator@D@2@@std@@@std@@@std@@@std@@@0@0PAV10@AAU?$_Wrap_alloc@V?$allocator@V?$basic_string@DU?$char_traits@D@std@@V?$allocator@D@2@@std@@@std@@@0@@Z 10025a20 f i ost.obj
 0001:00024b70       ??$addressof@PAU?$_List_node@V?$basic_string@DU?$char_traits@D@std@@V?$allocator@D@2@@std@@PAX@std@@@std@@YAPAPAU?$_List_node@V?$basic_string@DU?$char_traits@D@std@@V?$allocator@D@2@@std@@PAX@0@AAPAU10@@Z 10025b70 f i ost.obj
 0001:00024ba0       ??$addressof@PAU?$_Tree_node@U?$pair@$$CBV?$basic_string@DU?$char_traits@D@std@@V?$allocator@D@2@@std@@H@std@@PAX@std@@@std@@YAPAPAU?$_Tree_node@U?$pair@$$CBV?$basic_string@DU?$char_traits@D@std@@V?$allocator@D@2@@std@@H@std@@PAX@0@AAPAU10@@Z 10025ba0 f i ost.obj
 0001:00024bd0       ??$addressof@U?$pair@$$CBV?$basic_string@DU?$char_traits@D@std@@V?$allocator@D@2@@std@@H@std@@@std@@YAPAU?$pair@$$CBV?$basic_string@DU?$char_traits@D@std@@V?$allocator@D@2@@std@@H@0@AAU10@@Z 10025bd0 f i ost.obj
 0001:00024c00       ??$addressof@V?$basic_string@DU?$char_traits@D@std@@V?$allocator@D@2@@std@@@std@@YAPAV?$basic_string@DU?$char_traits@D@std@@V?$allocator@D@2@@0@AAV10@@Z 10025c00 f i ost.obj
 0001:00024c30       ??$construct@PAU?$_List_node@V?$basic_string@DU?$char_traits@D@std@@V?$allocator@D@2@@std@@PAX@std@@AAPAU12@@?$_Wrap_alloc@V?$allocator@U?$_List_node@V?$basic_string@DU?$char_traits@D@std@@V?$allocator@D@2@@std@@PAX@std@@@std@@@std@@QAEXPAPAU?$_List_node@V?$basic_string@DU?$char_traits@D@std@@V?$allocator@D@2@@std@@PAX@1@AAPAU21@@Z 10025c30 f i ost.obj
 0001:00024c90       ??$construct@PAU?$_List_node@V?$basic_string@DU?$char_traits@D@std@@V?$allocator@D@2@@std@@PAX@std@@AAPAU12@@?$allocator@U?$_List_node@V?$basic_string@DU?$char_traits@D@std@@V?$allocator@D@2@@std@@PAX@std@@@std@@QAEXPAPAU?$_List_node@V?$basic_string@DU?$char_traits@D@std@@V?$allocator@D@2@@std@@PAX@1@AAPAU21@@Z 10025c90 f i ost.obj
[...]
 0002:0000a86c       __tryblocktable$??$_Uninit_move@PAUAudioDeviceInfo@@PAU1@V?$allocator@UAudioDeviceInfo@@@std@@U1@@std@@YAPAUAudioDeviceInfo@@PAU1@00AAU?$_Wrap_alloc@V?$allocator@UAudioDeviceInfo@@@std@@@0@0U_Nonscalar_ptr_iterator_tag@0@@Z 1005886c     audioIO:audioIO.obj
 0002:0000a880       __ehfuncinfo$??$_Uninit_move@PAUAudioDeviceInfo@@PAU1@V?$allocator@UAudioDeviceInfo@@@std@@U1@@std@@YAPAUAudioDeviceInfo@@PAU1@00AAU?$_Wrap_alloc@V?$allocator@UAudioDeviceInfo@@@std@@@0@0U_Nonscalar_ptr_iterator_tag@0@@Z 10058880     audioIO:audioIO.obj
 0002:0000a8a4       __unwindtable$??$construct@UAudioDeviceInfo@@U1@@?$allocator@UAudioDeviceInfo@@@std@@QAEXPAUAudioDeviceInfo@@$$QAU2@@Z 100588a4     audioIO:audioIO.obj
 0002:0000a8ac       __ehfuncinfo$??$construct@UAudioDeviceInfo@@U1@@?$allocator@UAudioDeviceInfo@@@std@@QAEXPAUAudioDeviceInfo@@$$QAU2@@Z 100588ac     audioIO:audioIO.obj
 0002:0000a8d0       __unwindtable$??0?$_Vector_const_iterator@V?$_Vector_val@U?$_Simple_types@H@std@@@std@@@std@@QAE@PAHPBU_Container_base12@1@@Z 100588d0     audioIO:audioIO.obj
 0002:0000a8d8       __ehfuncinfo$??0?$_Vector_const_iterator@V?$_Vector_val@U?$_Simple_types@H@std@@@std@@@std@@QAE@PAHPBU_Container_base12@1@@Z 100588d8     audioIO:audioIO.obj
 0002:0000a8fc       __unwindtable$??$_Ucopy@V?$_Vector_const_iterator@V?$_Vector_val@U?$_Simple_types@H@std@@@std@@@std@@@?$vector@HV?$allocator@H@std@@@std@@IAEPAHV?$_Vector_const_iterator@V?$_Vector_val@U?$_Simple_types@H@std@@@std@@@1@0PAH@Z 100588fc     audioIO:audioIO.obj
 0002:0000a914       __ehfuncinfo$??$_Ucopy@V?$_Vector_const_iterator@V?$_Vector_val@U?$_Simple_types@H@std@@@std@@@std@@@?$vector@HV?$allocator@H@std@@@std@@IAEPAHV?$_Vector_const_iterator@V?$_Vector_val@U?$_Simple_types@H@std@@@std@@@1@0PAH@Z 10058914     audioIO:audioIO.obj
 0002:0000a938       __unwindtable$??$_Uninitialized_copy@V?$_Vector_const_iterator@V?$_Vector_val@U?$_Simple_types@H@std@@@std@@@std@@PAHU?$_Wrap_alloc@V?$allocator@H@std@@@2@@std@@YAPAHV?$_Vector_const_iterator@V?$_Vector_val@U?$_Simple_types@H@std@@@std@@@0@0PAHAAU?$_Wrap_alloc@V?$allocator@H@std@@@0@@Z 10058938     audioIO:audioIO.obj
 0002:0000a948       __ehfuncinfo$??$_Uninitialized_copy@V?$_Vector_const_iterator@V?$_Vector_val@U?$_Simple_types@H@std@@@std@@@std@@PAHU?$_Wrap_alloc@V?$allocator@H@std@@@2@@std@@YAPAHV?$_Vector_const_iterator@V?$_Vector_val@U?$_Simple_types@H@std@@@std@@@0@0PAHAAU?$_Wrap_alloc@V?$allocator@H@std@@@0@@Z 10058948     audioIO:audioIO.obj
 0002:0000a96c       __unwindtable$??$_Unchecked@V?$_Vector_val@U?$_Simple_types@H@std@@@std@@@std@@YAPBHV?$_Vector_const_iterator@V?$_Vector_val@U?$_Simple_types@H@std@@@std@@@0@@Z 1005896c     audioIO:audioIO.obj
 0002:0000a974       __ehfuncinfo$??$_Unchecked@V?$_Vector_val@U?$_Simple_types@H@std@@@std@@@std@@YAPBHV?$_Vector_const_iterator@V?$_Vector_val@U?$_Simple_types@H@std@@@std@@@0@@Z 10058974     audioIO:audioIO.obj
 0002:0000a998       __catchsym$??$?6U?$char_traits@D@std@@@std@@YAAAV?$basic_ostream@DU?$char_traits@D@std@@@0@AAV10@D@Z$3 10058998     audioIO:RtAudio.obj
 0002:0000a9a8       __tryblocktable$??$?6U?$char_traits@D@std@@@std@@YAAAV?$basic_ostream@DU?$char_traits@D@std@@@0@AAV10@D@Z 100589a8     audioIO:RtAudio.obj
 0002:0000a9bc       __unwindtable$??$?6U?$char_traits@D@std@@@std@@YAAAV?$basic_ostream@DU?$char_traits@D@std@@@0@AAV10@D@Z 100589bc     audioIO:RtAudio.obj
 0002:0000a9d4       __ehfuncinfo$??$?6U?$char_traits@D@std@@@std@@YAAAV?$basic_ostream@DU?$char_traits@D@std@@@0@AAV10@D@Z 100589d4     audioIO:RtAudio.obj
 0002:0000a9f8       __catchsym$?_Reallocate@?$vector@HV?$allocator@H@std@@@std@@IAEXI@Z$2 100589f8     audioIO:RtAudio.obj
 0002:0000aa08       __unwindtable$?_Reallocate@?$vector@HV?$allocator@H@std@@@std@@IAEXI@Z 10058a08     audioIO:RtAudio.obj
 0002:0000aa18       __tryblocktable$?_Reallocate@?$vector@HV?$allocator@H@std@@@std@@IAEXI@Z 10058a18     audioIO:RtAudio.obj
 0002:0000aa2c       __ehfuncinfo$?_Reallocate@?$vector@HV?$allocator@H@std@@@std@@IAEXI@Z 10058a2c     audioIO:RtAudio.obj
 0002:0000aa50       __unwindtable$?_Orphan_range@?$vector@HV?$allocator@H@std@@@std@@IBEXPAH0@Z 10058a50     audioIO:RtAudio.obj
 0002:0000aa58       __ehfuncinfo$?_Orphan_range@?$vector@HV?$allocator@H@std@@@std@@IBEXPAH0@Z 10058a58     audioIO:RtAudio.obj
 0002:0000aa7c       __unwindtable$??0RtAudioDeviceInfo@@QAE@ABU0@@Z 10058a7c     audioIO:RtAudio.obj
 0002:0000aa84       __ehfuncinfo$??0RtAudioDeviceInfo@@QAE@ABU0@@Z 10058a84     audioIO:RtAudio.obj
 0002:0000aaa8       __unwindtable$?initialize@RtApiAsio@@EAEXXZ 10058aa8     audioIO:RtAudio.obj
 0002:0000aab0       __unwindtable$??1RtApiAsio@@UAE@XZ 10058ab0     audioIO:RtAudio.obj
 0002:0000aab8       __unwindtable$??0RtApiAsio@@QAE@XZ 10058ab8     audioIO:RtAudio.obj
 0002:0000aac0       __unwindtable$?error@RtApi@@IAEXW4Type@RtError@@@Z 10058ac0     audioIO:RtAudio.obj
 0002:0000aac8       __unwindtable$?getDeviceInfo@RtApi@@QAE?AURtAudioDeviceInfo@@H@Z 10058ac8     audioIO:RtAudio.obj
 0002:0000aad0       __unwindtable$?openStream@RtApi@@QAEXHHHHKHPAHH@Z 10058ad0     audioIO:RtAudio.obj
 0002:0000aad8       __unwindtable$??0RtApi@@QAE@XZ 10058ad8     audioIO:RtAudio.obj
 0002:0000aae0       __catchsym$?sampleRateChanged@@YAXN@Z$2 10058ae0     audioIO:RtAudio.obj
 0002:0000aaf0       __unwindtable$?sampleRateChanged@@YAXN@Z 10058af0     audioIO:RtAudio.obj
 0002:0000ab00       __catchsym$?bufferSwitch@@YAXJJ@Z$2 10058b00     audioIO:RtAudio.obj
 0002:0000ab10       __unwindtable$?bufferSwitch@@YAXJJ@Z 10058b10     audioIO:RtAudio.obj
 0002:0000ab20       __catchsym$?initialize@RtAudio@@IAEXW4RtAudioApi@1@@Z$9 10058b20     audioIO:RtAudio.obj
 0002:0000ab30       __catchsym$?initialize@RtAudio@@IAEXW4RtAudioApi@1@@Z$8 10058b30     audioIO:RtAudio.obj
 0002:0000ab40       __catchsym$??0RtAudio@@QAE@HHHHKHPAH0W4RtAudioApi@0@@Z$2 10058b40     audioIO:RtAudio.obj
 0002:0000ab50       __unwindtable$??0RtAudio@@QAE@HHHHKHPAH0W4RtAudioApi@0@@Z 10058b50     audioIO:RtAudio.obj
 0002:0000ab60       __catchsym$??0RtAudio@@QAE@HHHHKHPAHHW4RtAudioApi@0@@Z$2 10058b60     audioIO:RtAudio.obj
 0002:0000ab70       __unwindtable$??0RtAudio@@QAE@HHHHKHPAHHW4RtAudioApi@0@@Z 10058b70     audioIO:RtAudio.obj
 0002:0000ab80       __tryblocktable$?sampleRateChanged@@YAXN@Z 10058b80     audioIO:RtAudio.obj
 0002:0000ab94       __tryblocktable$?bufferSwitch@@YAXJJ@Z 10058b94     audioIO:RtAudio.obj
 0002:0000aba8       __tryblocktable$??0RtAudio@@QAE@HHHHKHPAH0W4RtAudioApi@0@@Z 10058ba8     audioIO:RtAudio.obj
 0002:0000abbc       __tryblocktable$??0RtAudio@@QAE@HHHHKHPAHHW4RtAudioApi@0@@Z 10058bbc     audioIO:RtAudio.obj
 0002:0000abd0       __ehfuncinfo$?sampleRateChanged@@YAXN@Z 10058bd0     audioIO:RtAudio.obj
 0002:0000abf4       __ehfuncinfo$?bufferSwitch@@YAXJJ@Z 10058bf4     audioIO:RtAudio.obj
 0002:0000ac18       __ehfuncinfo$?initialize@RtApiAsio@@EAEXXZ 10058c18     audioIO:RtAudio.obj
 0002:0000ac3c       __ehfuncinfo$??1RtApiAsio@@UAE@XZ 10058c3c     audioIO:RtAudio.obj
 0002:0000ac60       __ehfuncinfo$??0RtApiAsio@@QAE@XZ 10058c60     audioIO:RtAudio.obj
 0002:0000ac84       __ehfuncinfo$?initialize@RtAudio@@IAEXW4RtAudioApi@1@@Z 10058c84     audioIO:RtAudio.obj
 0002:0000aca8       __ehfuncinfo$??0RtAudio@@QAE@HHHHKHPAH0W4RtAudioApi@0@@Z 10058ca8     audioIO:RtAudio.obj
 0002:0000accc       __ehfuncinfo$??0RtAudio@@QAE@HHHHKHPAHHW4RtAudioApi@0@@Z 10058ccc     audioIO:RtAudio.obj
 0002:0000acf0       __ehfuncinfo$?error@RtApi@@IAEXW4Type@RtError@@@Z 10058cf0     audioIO:RtAudio.obj
 0002:0000ad14       __ehfuncinfo$?getDeviceInfo@RtApi@@QAE?AURtAudioDeviceInfo@@H@Z 10058d14     audioIO:RtAudio.obj
 0002:0000ad38       __ehfuncinfo$?openStream@RtApi@@QAEXHHHHKHPAHH@Z 10058d38     audioIO:RtAudio.obj
 0002:0000ad5c       __ehfuncinfo$??0RtApi@@QAE@XZ 10058d5c     audioIO:RtAudio.obj
 0002:0000ad80       __tryblocktable$?initialize@RtAudio@@IAEXW4RtAudioApi@1@@Z 10058d80     audioIO:RtAudio.obj
 0002:0000ada8       __unwindtable$?initialize@RtAudio@@IAEXW4RtAudioApi@1@@Z 10058da8     audioIO:RtAudio.obj
 0002:0000ade8       __unwindtable$??0ConvertInfo@RtApi@@QAE@XZ 10058de8     audioIO:RtAudio.obj
 0002:0000adf0       __ehfuncinfo$??0ConvertInfo@RtApi@@QAE@XZ 10058df0     audioIO:RtAudio.obj
 0002:0000ae14       __unwindtable$??0RtApiDevice@RtApi@@QAE@XZ 10058e14     audioIO:RtAudio.obj
 0002:0000ae1c       __ehfuncinfo$??0RtApiDevice@RtApi@@QAE@XZ 10058e1c     audioIO:RtAudio.obj
 0002:0000ae40       __unwindtable$??0RtApiDevice@RtApi@@QAE@ABU01@@Z 10058e40     audioIO:RtAudio.obj
 0002:0000ae48       __ehfuncinfo$??0RtApiDevice@RtApi@@QAE@ABU01@@Z 10058e48     audioIO:RtAudio.obj
 0002:0000ae6c       __unwindtable$?construct@?$allocator@URtApiDevice@RtApi@@@std@@QAEXPAURtApiDevice@RtApi@@ABU34@@Z 10058e6c     audioIO:RtAudio.obj
 0002:0000ae74       __ehfuncinfo$?construct@?$allocator@URtApiDevice@RtApi@@@std@@QAEXPAURtApiDevice@RtApi@@ABU34@@Z 10058e74     audioIO:RtAudio.obj
 0002:0000ae98       __unwindtable$??0?$_Vector_alloc@$0A@U?$_Vec_base_types@URtApiDevice@RtApi@@V?$allocator@URtApiDevice@RtApi@@@std@@@std@@@std@@QAE@ABV?$allocator@URtApiDevice@RtApi@@@1@@Z 10058e98     audioIO:RtAudio.obj
 0002:0000aea0       __ehfuncinfo$??0?$_Vector_alloc@$0A@U?$_Vec_base_types@URtApiDevice@RtApi@@V?$allocator@URtApiDevice@RtApi@@@std@@@std@@@std@@QAE@ABV?$allocator@URtApiDevice@RtApi@@@1@@Z 10058ea0     audioIO:RtAudio.obj
 0002:0000aec4       __catchsym$?_Reallocate@?$vector@URtApiDevice@RtApi@@V?$allocator@URtApiDevice@RtApi@@@std@@@std@@IAEXI@Z$2 10058ec4     audioIO:RtAudio.obj
 0002:0000aed4       __unwindtable$?_Reallocate@?$vector@URtApiDevice@RtApi@@V?$allocator@URtApiDevice@RtApi@@@std@@@std@@IAEXI@Z 10058ed4     audioIO:RtAudio.obj
 0002:0000aee4       __tryblocktable$?_Reallocate@?$vector@URtApiDevice@RtApi@@V?$allocator@URtApiDevice@RtApi@@@std@@@std@@IAEXI@Z 10058ee4     audioIO:RtAudio.obj
 0002:0000aef8       __ehfuncinfo$?_Reallocate@?$vector@URtApiDevice@RtApi@@V?$allocator@URtApiDevice@RtApi@@@std@@@std@@IAEXI@Z 10058ef8     audioIO:RtAudio.obj
 0002:0000af1c       __unwindtable$?_Orphan_range@?$vector@URtApiDevice@RtApi@@V?$allocator@URtApiDevice@RtApi@@@std@@@std@@IBEXPAURtApiDevice@RtApi@@0@Z 10058f1c     audioIO:RtAudio.obj
 0002:0000af24       __ehfuncinfo$?_Orphan_range@?$vector@URtApiDevice@RtApi@@V?$allocator@URtApiDevice@RtApi@@@std@@@std@@IBEXPAURtApiDevice@RtApi@@0@Z 10058f24     audioIO:RtAudio.obj
 0002:0000af48       __unwindtable$??$construct@HH@?$allocator@H@std@@QAEXPAH$$QAH@Z 10058f48     audioIO:RtAudio.obj
 0002:0000af50       __ehfuncinfo$??$construct@HH@?$allocator@H@std@@QAEXPAH$$QAH@Z 10058f50     audioIO:RtAudio.obj
 0002:0000af74       __unwindtable$??$construct@HAAH@?$allocator@H@std@@QAEXPAHAAH@Z 10058f74     audioIO:RtAudio.obj
 0002:0000af7c       __ehfuncinfo$??$construct@HAAH@?$allocator@H@std@@QAEXPAHAAH@Z 10058f7c     audioIO:RtAudio.obj
 0002:0000afa0       __unwindtable$??$construct@URtApiDevice@RtApi@@AAU12@@?$allocator@URtApiDevice@RtApi@@@std@@QAEXPAURtApiDevice@RtApi@@AAU23@@Z 10058fa0     audioIO:RtAudio.obj
 0002:0000afa8       __ehfuncinfo$??$construct@URtApiDevice@RtApi@@AAU12@@?$allocator@URtApiDevice@RtApi@@@std@@QAEXPAURtApiDevice@RtApi@@AAU23@@Z 10058fa8     audioIO:RtAudio.obj
 0002:0000afcc       __catchsym$??$_Uninit_move@PAURtApiDevice@RtApi@@PAU12@V?$allocator@URtApiDevice@RtApi@@@std@@U12@@std@@YAPAURtApiDevice@RtApi@@PAU12@00AAU?$_Wrap_alloc@V?$allocator@URtApiDevice@RtApi@@@std@@@0@0U_Nonscalar_ptr_iterator_tag@0@@Z$2 10058fcc     audioIO:RtAudio.obj
 0002:0000afdc       __unwindtable$??$_Uninit_move@PAURtApiDevice@RtApi@@PAU12@V?$allocator@URtApiDevice@RtApi@@@std@@U12@@std@@YAPAURtApiDevice@RtApi@@PAU12@00AAU?$_Wrap_alloc@V?$allocator@URtApiDevice@RtApi@@@std@@@0@0U_Nonscalar_ptr_iterator_tag@0@@Z 10058fdc     audioIO:RtAudio.obj
 0002:0000afec       __tryblocktable$??$_Uninit_move@PAURtApiDevice@RtApi@@PAU12@V?$allocator@URtApiDevice@RtApi@@@std@@U12@@std@@YAPAURtApiDevice@RtApi@@PAU12@00AAU?$_Wrap_alloc@V?$allocator@URtApiDevice@RtApi@@@std@@@0@0U_Nonscalar_ptr_iterator_tag@0@@Z 10058fec     audioIO:RtAudio.obj
 0002:0000b000       __ehfuncinfo$??$_Uninit_move@PAURtApiDevice@RtApi@@PAU12@V?$allocator@URtApiDevice@RtApi@@@std@@U12@@std@@YAPAURtApiDevice@RtApi@@PAU12@00AAU?$_Wrap_alloc@V?$allocator@URtApiDevice@RtApi@@@std@@@0@0U_Nonscalar_ptr_iterator_tag@0@@Z 10059000     audioIO:RtAudio.obj
 0002:0000b024       __unwindtable$??$construct@URtApiDevice@RtApi@@U12@@?$allocator@URtApiDevice@RtApi@@@std@@QAEXPAURtApiDevice@RtApi@@$$QAU23@@Z 10059024     audioIO:RtAudio.obj
 0002:0000b02c       __ehfuncinfo$??$construct@URtApiDevice@RtApi@@U12@@?$allocator@URtApiDevice@RtApi@@@std@@QAEXPAURtApiDevice@RtApi@@$$QAU23@@Z 1005902c     audioIO:RtAudio.obj
 0002:0000b084       __unwindtable$?getAsioDrivers@@YA_NXZ 10059084     audioIO:asiodrivers.obj
 0002:0000b08c       __unwindtable$?loadAsioDriver@@YA_NPAD@Z 1005908c     audioIO:asiodrivers.obj
 0002:0000b094       __ehfuncinfo$?getAsioDrivers@@YA_NXZ 10059094     audioIO:asiodrivers.obj
 0002:0000b0b8       __ehfuncinfo$?loadAsioDriver@@YA_NPAD@Z 100590b8     audioIO:asiodrivers.obj
 0002:0000b0dc       __unwindtable$?_Facet_Register@std@@YAXPAV_Facet_base@1@@Z 100590dc     msvcprtd:locale0_implib.obj
 0002:0000b0e4       __ehfuncinfo$?_Facet_Register@std@@YAXPAV_Facet_base@1@@Z 100590e4     msvcprtd:locale0_implib.obj
 0002:0000b108       __sehtable$??_L@YGXPAXIHP6EX0@Z1@Z 10059108     MSVCRTD:ehvecctr.obj
 0002:0000b128       __sehtable$??_M@YGXPAXIHP6EX0@Z@Z 10059128     MSVCRTD:ehvecdtr.obj
 0002:0000b148       __sehtable$?__ArrayUnwind@@YGXPAXIHP6EX0@Z@Z 10059148     MSVCRTD:ehvecdtr.obj
 0002:0000b168       __sehtable$__onexit        10059168     MSVCRTD:atonexit.obj
 0002:0000b188       __sehtable$?DebuggerProbe@@YAHK@Z 10059188     MSVCRTD:error.obj
 0002:0000b1a8       __sehtable$?DebuggerRuntime@@YAHKHPAXPB_W@Z 100591a8     MSVCRTD:error.obj
 0002:0000b1c8       __sehtable$___DllMainCRTStartup 100591c8     MSVCRTD:crtdll.obj
 0002:0000b1f0       __sehtable$__IsNonwritableInCurrentImage 100591f0     MSVCRTD:pesect.obj
 0002:0000b210       .edata                     10059210     Audapter.exp
 0002:0000b238       rgpv                       10059238     Audapter.exp
 0002:0000b23c       rgszName                   1005923c     Audapter.exp
 0002:0000b240       rgwOrd                     10059240     Audapter.exp
 0002:0000b242       szName                     10059242     Audapter.exp
 0002:0000b252       $N00001                    10059252     Audapter.exp
 0002:0000b742       .idata$6                   10059742     libmx:libmx.dll
 0002:0000b768       .idata$6                   10059768     libmex:libmex.dll
 0002:0000cb8a       .idata$6                   1005ab8a     msvcprtd:MSVCP120D.dll
 0002:0000cf1c       .idata$6                   1005af1c     MSVCRTD:MSVCR120D.dll
 0002:0000d0ce       .idata$6                   1005b0ce     user32:USER32.dll
 0002:0000d128       .idata$6                   1005b128     advapi32:ADVAPI32.dll
 0002:0000d17e       .idata$6                   1005b17e     ole32:ole32.dll
 0002:0000d3fa       .idata$6                   1005b3fa     kernel32:KERNEL32.dll
 0003:00000000       ?gain@?1??gainPerturb@Audapter@@AAEHPAN0HH@Z@4NA 1005c000     Audapter.obj
 0003:00000008       ?gain@?1??gainAdapt@Audapter@@AAEHPAN0HH@Z@4NA 1005c008     Audapter.obj
 0003:00000010       ?last_f@?1??trackPhi@LPFormantTracker@@AAEXPAN0@Z@4PANA 1005c010     lpc_formant.obj
 0003:000000c4       ?m@?1??GetAsioErrorString@@YAPBDJ@Z@4PAUMessages@?1??1@YAPBDJ@Z@A 1005c0c4     audioIO:RtAudio.obj
 0003:00000878       ?btransition@?1??detectTrans@Audapter@@AAE_NPAN0HN@Z@4_NA 1005c878     Audapter.obj
 0003:00000879       ?during_trans@?1??handleBuffer@Audapter@@QAEHPAN0H_N@Z@4_NA 1005c879     Audapter.obj
 0003:0000087a       ?maintain_trans@?1??handleBuffer@Audapter@@QAEHPAN0H_N@Z@4_NA 1005c87a     Audapter.obj
 0003:00000880       ?time_elapsed@?1??handleBuffer@Audapter@@QAEHPAN0H_N@Z@4NA 1005c880     Audapter.obj
 0003:00000888       __Tuple_alloc              1005c888     Audapter.obj
 0003:00000889       _ignore                    1005c889     Audapter.obj
 0003:0000088a       _allocator_arg             1005c88a     Audapter.obj
 0003:0000088b       _piecewise_construct       1005c88b     Audapter.obj
 0003:0000088c       ?$S1@?1??gainAdapt@Audapter@@AAEHPAN0HH@Z@4IA 1005c88c     Audapter.obj
 0003:00000890       ?lastSample@?1??gainAdapt@Audapter@@AAEHPAN0HH@Z@4NA 1005c890     Audapter.obj
 0003:00000898       ?lastSample@?1??gainPerturb@Audapter@@AAEHPAN0HH@Z@4NA 1005c898     Audapter.obj
 0003:000008a0       ?$S2@?1??gainPerturb@Audapter@@AAEHPAN0HH@Z@4IA 1005c8a0     Audapter.obj
 0003:000008c0       ?started@?1??mexFunction@@9@4_NA 1005c8c0     mexLibrary.obj
 0003:000008c1       __Tuple_alloc              1005c8c1     mexLibrary.obj
 0003:000008c2       _ignore                    1005c8c2     mexLibrary.obj
 0003:000008c3       _allocator_arg             1005c8c3     mexLibrary.obj
 0003:000008c4       _piecewise_construct       1005c8c4     mexLibrary.obj
 0003:000008c8       ?audapter@?1??mexFunction@@9@4VAudapter@@A 1005c8c8     mexLibrary.obj
 0003:0742f6a0       ?$S1@?1??mexFunction@@9@4IA 1748b6a0     mexLibrary.obj
 0003:0742f6a4       ?audio_obj@?1??mexFunction@@9@4VaudioIO@@A 1748b6a4     mexLibrary.obj
 0003:0742f6d0       ?devpar@?1??mexFunction@@9@4UDeviceParams@@A 1748b6d0     mexLibrary.obj
 0003:0742f6e0       __Tuple_alloc              1748b6e0     ost.obj
 0003:0742f6e1       _ignore                    1748b6e1     ost.obj
 0003:0742f6e2       _allocator_arg             1748b6e2     ost.obj
 0003:0742f6e3       _piecewise_construct       1748b6e3     ost.obj
 0003:0742f6e4       _allocator_arg             1748b6e4     pcf.obj
 0003:0742f6e5       _piecewise_construct       1748b6e5     pcf.obj
 0003:0742f6e6       __Tuple_alloc              1748b6e6     utils.obj
 0003:0742f6e7       _ignore                    1748b6e7     utils.obj
 0003:0742f6e8       _allocator_arg             1748b6e8     utils.obj
 0003:0742f6e9       _piecewise_construct       1748b6e9     utils.obj
 0003:0742f6f4       _allocator_arg             1748b6f4     audioIO:audioIO.obj
 0003:0742f6f5       _piecewise_construct       1748b6f5     audioIO:audioIO.obj
 0003:0742f7c4       _allocator_arg             1748b7c4     audioIO:RtAudio.obj
 0003:0742f7c5       _piecewise_construct       1748b7c5     audioIO:RtAudio.obj
 0003:0742f7d0       __Fac_head                 1748b7d0     msvcprtd:locale0_implib.obj
 0003:0742f7d4       _allocator_arg             1748b7d4     msvcprtd:locale0_implib.obj
 0003:0742f7d5       _piecewise_construct       1748b7d5     msvcprtd:locale0_implib.obj
 0003:0742f7d6       __Fac_tidy_reg             1748b7d6     msvcprtd:locale0_implib.obj
 0003:0742f7d7       ?init@?1??_RTC_InitBase@@9@4_NA 1748b7d7     MSVCRTD:init.obj
 0003:0742f7e0       _GS_ExceptionRecord        1748b7e0     MSVCRTD:gs_report.obj
 0003:0742f830       _GS_ContextRecord          1748b830     MSVCRTD:gs_report.obj
 0003:0742fafc       _DebuggerWasPresent        1748bafc     MSVCRTD:gs_report.obj
 0003:0742fb00       ___proc_attached           1748bb00     MSVCRTD:crtdll.obj
 0003:0742fb04       __RTC_ErrorReportFunc      1748bb04     MSVCRTD:userapi.obj
 0003:0742fb08       __RTC_ErrorReportFuncW     1748bb08     MSVCRTD:userapi.obj
 0003:0742fb0c       _mspdb                     1748bb0c     MSVCRTD:pdblkup.obj
 0003:0742fb10       ?alreadyTried@?1??GetPdbDll@@YAPAUHINSTANCE__@@XZ@4_NA 1748bb10     MSVCRTD:pdblkup.obj
 0003:0742fb11       ?PDBOK@?BM@??_RTC_GetSrcLine@@YAHPAEPA_WKPAH1K@Z@4_NA 1748bb11     MSVCRTD:pdblkup.obj
 0004:00000060       $R000000                   1748c060     * linker generated manifest res *
